Component: ARM Compiler 5.06 update 2 (build 183) Tool: armlink [4d35b7]

==============================================================================

Section Cross References

    main.o(i.main) refers to os_core.o(i.OSInit) for OSInit
    main.o(i.main) refers to os_task.o(i.OSTaskCreate) for OSTaskCreate
    main.o(i.main) refers to os_core.o(i.OSStart) for OSStart
    main.o(i.main) refers to main.o(.bss) for Task_SysInitStk
    main.o(i.main) refers to task_sysinit.o(i.Task_SysInit) for Task_SysInit
    stm32f4xx_it.o(i.CAN1_RX0_IRQHandler) refers to cpu_a.o(.text) for CPU_SR_Save
    stm32f4xx_it.o(i.CAN1_RX0_IRQHandler) refers to stm32f4xx_can.o(i.CAN_ClearITPendingBit) for CAN_ClearITPendingBit
    stm32f4xx_it.o(i.CAN1_RX0_IRQHandler) refers to stm32f4xx_can.o(i.CAN_Receive) for CAN_Receive
    stm32f4xx_it.o(i.CAN1_RX0_IRQHandler) refers to driver_can.o(i.CAN1_Process) for CAN1_Process
    stm32f4xx_it.o(i.CAN1_RX0_IRQHandler) refers to os_core.o(i.OSIntExit) for OSIntExit
    stm32f4xx_it.o(i.CAN1_RX0_IRQHandler) refers to os_var.o(.data) for OSIntNestingCtr
    stm32f4xx_it.o(i.CAN1_TX_IRQHandler) refers to cpu_a.o(.text) for CPU_SR_Save
    stm32f4xx_it.o(i.CAN1_TX_IRQHandler) refers to stm32f4xx_can.o(i.CAN_ClearITPendingBit) for CAN_ClearITPendingBit
    stm32f4xx_it.o(i.CAN1_TX_IRQHandler) refers to os_core.o(i.OSIntExit) for OSIntExit
    stm32f4xx_it.o(i.CAN1_TX_IRQHandler) refers to os_var.o(.data) for OSIntNestingCtr
    stm32f4xx_it.o(i.CAN2_RX0_IRQHandler) refers to cpu_a.o(.text) for CPU_SR_Save
    stm32f4xx_it.o(i.CAN2_RX0_IRQHandler) refers to stm32f4xx_can.o(i.CAN_ClearITPendingBit) for CAN_ClearITPendingBit
    stm32f4xx_it.o(i.CAN2_RX0_IRQHandler) refers to stm32f4xx_can.o(i.CAN_Receive) for CAN_Receive
    stm32f4xx_it.o(i.CAN2_RX0_IRQHandler) refers to driver_can.o(i.CAN2_Process) for CAN2_Process
    stm32f4xx_it.o(i.CAN2_RX0_IRQHandler) refers to os_core.o(i.OSIntExit) for OSIntExit
    stm32f4xx_it.o(i.CAN2_RX0_IRQHandler) refers to os_var.o(.data) for OSIntNestingCtr
    stm32f4xx_it.o(i.CAN2_TX_IRQHandler) refers to cpu_a.o(.text) for CPU_SR_Save
    stm32f4xx_it.o(i.CAN2_TX_IRQHandler) refers to stm32f4xx_can.o(i.CAN_ClearITPendingBit) for CAN_ClearITPendingBit
    stm32f4xx_it.o(i.CAN2_TX_IRQHandler) refers to os_core.o(i.OSIntExit) for OSIntExit
    stm32f4xx_it.o(i.CAN2_TX_IRQHandler) refers to os_var.o(.data) for OSIntNestingCtr
    stm32f4xx_it.o(i.CAN2_TX_IRQHandler) refers to stm32f4xx_it.o(.data) for suc
    stm32f4xx_it.o(i.EXTI4_IRQHandler) refers to cpu_a.o(.text) for CPU_SR_Save
    stm32f4xx_it.o(i.EXTI4_IRQHandler) refers to os_core.o(i.OSIntExit) for OSIntExit
    stm32f4xx_it.o(i.EXTI4_IRQHandler) refers to os_var.o(.data) for OSIntNestingCtr
    stm32f4xx_it.o(i.SysTick_Handler) refers to os_core.o(i.OSIntEnter) for OSIntEnter
    stm32f4xx_it.o(i.SysTick_Handler) refers to os_time.o(i.OSTimeTick) for OSTimeTick
    stm32f4xx_it.o(i.SysTick_Handler) refers to os_core.o(i.OSIntExit) for OSIntExit
    stm32f4xx_it.o(i.USART1_IRQHandler) refers to cpu_a.o(.text) for CPU_SR_Save
    stm32f4xx_it.o(i.USART1_IRQHandler) refers to stm32f4xx_dma.o(i.DMA_Cmd) for DMA_Cmd
    stm32f4xx_it.o(i.USART1_IRQHandler) refers to driver_dbus.o(i.DBUS_Decode) for DBUS_Decode
    stm32f4xx_it.o(i.USART1_IRQHandler) refers to stm32f4xx_dma.o(i.DMA_ClearFlag) for DMA_ClearFlag
    stm32f4xx_it.o(i.USART1_IRQHandler) refers to stm32f4xx_dma.o(i.DMA_GetCmdStatus) for DMA_GetCmdStatus
    stm32f4xx_it.o(i.USART1_IRQHandler) refers to stm32f4xx_dma.o(i.DMA_SetCurrDataCounter) for DMA_SetCurrDataCounter
    stm32f4xx_it.o(i.USART1_IRQHandler) refers to os_core.o(i.OSIntExit) for OSIntExit
    stm32f4xx_it.o(i.USART1_IRQHandler) refers to os_var.o(.data) for OSIntNestingCtr
    stm32f4xx_it.o(i.USART1_IRQHandler) refers to task_monitor.o(.data) for RemoterFrameRate
    stm32f4xx_it.o(i.USART3_IRQHandler) refers to cpu_a.o(.text) for CPU_SR_Save
    stm32f4xx_it.o(i.USART3_IRQHandler) refers to stm32f4xx_usart.o(i.USART_ReceiveData) for USART_ReceiveData
    stm32f4xx_it.o(i.USART3_IRQHandler) refers to driver_computervision.o(i.MiniPCRec) for MiniPCRec
    stm32f4xx_it.o(i.USART3_IRQHandler) refers to os_core.o(i.OSIntExit) for OSIntExit
    stm32f4xx_it.o(i.USART3_IRQHandler) refers to os_var.o(.data) for OSIntNestingCtr
    driver_iic.o(i.IIC_Ack) refers to stm32f4xx_gpio.o(i.GPIO_ResetBits) for GPIO_ResetBits
    driver_iic.o(i.IIC_Ack) refers to driver_iic.o(i.IIC_Delay) for IIC_Delay
    driver_iic.o(i.IIC_Ack) refers to stm32f4xx_gpio.o(i.GPIO_SetBits) for GPIO_SetBits
    driver_iic.o(i.IIC_NAck) refers to stm32f4xx_gpio.o(i.GPIO_ResetBits) for GPIO_ResetBits
    driver_iic.o(i.IIC_NAck) refers to stm32f4xx_gpio.o(i.GPIO_SetBits) for GPIO_SetBits
    driver_iic.o(i.IIC_NAck) refers to driver_iic.o(i.IIC_Delay) for IIC_Delay
    driver_iic.o(i.IIC_ReadData) refers to driver_iic.o(i.IIC_Start) for IIC_Start
[...]
    OS_Post                                  0x080056e5   Thumb Code   214  os_core.o(i.OS_Post)
    OS_Post1                                 0x080057bb   Thumb Code    42  os_core.o(i.OS_Post1)
    OS_PrioGetHighest                        0x080057e5   Thumb Code    36  os_prio.o(i.OS_PrioGetHighest)
    OS_PrioInit                              0x0800580d   Thumb Code    20  os_prio.o(i.OS_PrioInit)
    OS_PrioInsert                            0x08005825   Thumb Code    32  os_prio.o(i.OS_PrioInsert)
    OS_PrioRemove                            0x08005849   Thumb Code    32  os_prio.o(i.OS_PrioRemove)
    OS_QDbgListAdd                           0x0800586d   Thumb Code    38  os_q.o(i.OS_QDbgListAdd)
    OS_QInit                                 0x0800589d   Thumb Code    14  os_q.o(i.OS_QInit)
    OS_RdyListInit                           0x080058b5   Thumb Code    32  os_core.o(i.OS_RdyListInit)
    OS_RdyListInsert                         0x080058d9   Thumb Code    40  os_core.o(i.OS_RdyListInsert)
    OS_RdyListInsertHead                     0x08005905   Thumb Code    58  os_core.o(i.OS_RdyListInsertHead)
    OS_RdyListInsertTail                     0x08005945   Thumb Code    56  os_core.o(i.OS_RdyListInsertTail)
    OS_RdyListRemove                         0x08005981   Thumb Code    86  os_core.o(i.OS_RdyListRemove)
    OS_SchedLockTimeMeasStart                0x080059dd   Thumb Code    20  os_core.o(i.OS_SchedLockTimeMeasStart)
    OS_SchedLockTimeMeasStop                 0x080059f9   Thumb Code    44  os_core.o(i.OS_SchedLockTimeMeasStop)
    OS_SemInit                               0x08005a35   Thumb Code    14  os_sem.o(i.OS_SemInit)
    OS_StatTask                              0x08005a4d   Thumb Code   684  os_stat.o(i.OS_StatTask)
    OS_StatTaskInit                          0x08005d35   Thumb Code   136  os_stat.o(i.OS_StatTaskInit)
    OS_TaskBlock                             0x08005e01   Thumb Code    40  os_core.o(i.OS_TaskBlock)
    OS_TaskDbgListAdd                        0x08005e2d   Thumb Code    42  os_task.o(i.OS_TaskDbgListAdd)
    OS_TaskDbgListRemove                     0x08005e5d   Thumb Code    64  os_task.o(i.OS_TaskDbgListRemove)
    OS_TaskInit                              0x08005ea1   Thumb Code    18  os_task.o(i.OS_TaskInit)
    OS_TaskInitTCB                           0x08005ec1   Thumb Code   166  os_task.o(i.OS_TaskInitTCB)
    OS_TaskResume                            0x08005f75   Thumb Code   256  os_task.o(i.OS_TaskResume)
    OS_TaskReturn                            0x08006075   Thumb Code    20  os_task.o(i.OS_TaskReturn)
    OS_TaskSemPost                           0x0800608d   Thumb Code   448  os_task.o(i.OS_TaskSemPost)
    OS_TaskSuspend                           0x08006251   Thumb Code   272  os_task.o(i.OS_TaskSuspend)
    OS_TickListInsert                        0x08006369   Thumb Code   134  os_tick.o(i.OS_TickListInsert)
    OS_TickListInsertDly                     0x080063f1   Thumb Code   180  os_tick.o(i.OS_TickListInsertDly)
    OS_TickListRemove                        0x080064ad   Thumb Code    88  os_tick.o(i.OS_TickListRemove)
    OS_TickListResetPeak                     0x08006505   Thumb Code     2  os_tick.o(i.OS_TickListResetPeak)
    OS_TickTask                              0x08006675   Thumb Code    98  os_tick.o(i.OS_TickTask)
    OS_TickTaskInit                          0x080066e5   Thumb Code   140  os_tick.o(i.OS_TickTaskInit)
    OS_TmrInit                               0x080067ad   Thumb Code   200  os_tmr.o(i.OS_TmrInit)
    OS_TmrResetPeak                          0x080068f9   Thumb Code     2  os_tmr.o(i.OS_TmrResetPeak)
    OS_TmrTask                               0x080068fd   Thumb Code   134  os_tmr.o(i.OS_TmrTask)
    OS_TmrUnlink                             0x08006991   Thumb Code    58  os_tmr.o(i.OS_TmrUnlink)
    PIDStruct_Init                           0x080069e9   Thumb Code    90  driver_pid.o(i.PIDStruct_Init)
    PID_Calc                                 0x08006a49   Thumb Code   296  driver_pid.o(i.PID_Calc)
    PID_Init                                 0x08006b75   Thumb Code   440  driver_pid.o(i.PID_Init)
    PID_Param_Init                           0x08006da9   Thumb Code    22  driver_pid.o(i.PID_Param_Init)
    PID_Reset_SumErr                         0x08006dc1   Thumb Code    10  driver_pid.o(i.PID_Reset_SumErr)
    PassZeroProcess                          0x08006dd1   Thumb Code    88  driver_can.o(i.PassZeroProcess)
    RCC_AHB1PeriphClockCmd                   0x08006e2d   Thumb Code    26  stm32f4xx_rcc.o(i.RCC_AHB1PeriphClockCmd)
    RCC_APB1PeriphClockCmd                   0x08006e4d   Thumb Code    26  stm32f4xx_rcc.o(i.RCC_APB1PeriphClockCmd)
    RCC_APB1PeriphResetCmd                   0x08006e6d   Thumb Code    26  stm32f4xx_rcc.o(i.RCC_APB1PeriphResetCmd)
    RCC_APB2PeriphClockCmd                   0x08006e8d   Thumb Code    26  stm32f4xx_rcc.o(i.RCC_APB2PeriphClockCmd)
    RCC_APB2PeriphResetCmd                   0x08006ead   Thumb Code    26  stm32f4xx_rcc.o(i.RCC_APB2PeriphResetCmd)
    RCC_GetClocksFreq                        0x08006ecd   Thumb Code   214  stm32f4xx_rcc.o(i.RCC_GetClocksFreq)
    RMProcess                                0x08006fb5   Thumb Code    88  task_control.o(i.RMProcess)
    RM_ChasisControl                         0x08007029   Thumb Code   290  driver_rmcontrol.o(i.RM_ChasisControl)
    RM_FricControl                           0x08007171   Thumb Code   136  driver_rmcontrol.o(i.RM_FricControl)
    RM_PitchControl                          0x080071fd   Thumb Code   148  driver_rmcontrol.o(i.RM_PitchControl)
    RM_SetLeftSwtichFlag                     0x080072a9   Thumb Code     6  driver_rmcontrol.o(i.RM_SetLeftSwtichFlag)
    RM_YawControl                            0x080072b5   Thumb Code    98  driver_rmcontrol.o(i.RM_YawControl)
    Rad2Degree                               0x08007329   Thumb Code    14  task_imu.o(i.Rad2Degree)
    Ramp_Calc                                0x0800733d   Thumb Code    60  driver_ramp.o(i.Ramp_Calc)
    Ramp_Init                                0x0800737d   Thumb Code    16  driver_ramp.o(i.Ramp_Init)
    Ramp_InitAllRamp                         0x08007391   Thumb Code    64  driver_ramp.o(i.Ramp_InitAllRamp)
    Ramp_ReInit                              0x080073e9   Thumb Code    14  driver_ramp.o(i.Ramp_ReInit)
    RotateValue                              0x080073fd   Thumb Code    60  driver_dotshoot.o(i.RotateValue)
    SVC_Handler                              0x08007449   Thumb Code     2  stm32f4xx_it.o(i.SVC_Handler)
    SYSCFG_EXTILineConfig                    0x0800744d   Thumb Code    60  stm32f4xx_syscfg.o(i.SYSCFG_EXTILineConfig)
    SetFricMotor                             0x0800748d   Thumb Code    30  driver_fricmotor.o(i.SetFricMotor)
    SysModule_Init                           0x0800759d   Thumb Code    32  task_sysinit.o(i.SysModule_Init)
    SysTick_Handler                          0x080075c1   Thumb Code    16  stm32f4xx_it.o(i.SysTick_Handler)
    SystemInit                               0x080075d1   Thumb Code    88  system_stm32f4xx.o(i.SystemInit)
    TIM_ARRPreloadConfig                     0x0800775b   Thumb Code    24  stm32f4xx_tim.o(i.TIM_ARRPreloadConfig)
    TIM_Cmd                                  0x08007773   Thumb Code    24  stm32f4xx_tim.o(i.TIM_Cmd)
    TIM_DeInit                               0x0800778d   Thumb Code   346  stm32f4xx_tim.o(i.TIM_DeInit)
    TIM_EncoderInterfaceConfig               0x0800791d   Thumb Code    66  stm32f4xx_tim.o(i.TIM_EncoderInterfaceConfig)
    TIM_ICInit                               0x0800795f   Thumb Code   110  stm32f4xx_tim.o(i.TIM_ICInit)
    TIM_ICStructInit                         0x080079cd   Thumb Code    18  stm32f4xx_tim.o(i.TIM_ICStructInit)
    TIM_OC1Init                              0x080079e1   Thumb Code   114  stm32f4xx_tim.o(i.TIM_OC1Init)
    TIM_OC1PreloadConfig                     0x08007a5d   Thumb Code    18  stm32f4xx_tim.o(i.TIM_OC1PreloadConfig)
    TIM_OC2Init                              0x08007a71   Thumb Code   154  stm32f4xx_tim.o(i.TIM_OC2Init)
    TIM_OC2PreloadConfig                     0x08007b15   Thumb Code    26  stm32f4xx_tim.o(i.TIM_OC2PreloadConfig)
    TIM_SetCompare1                          0x08007b2f   Thumb Code     4  stm32f4xx_tim.o(i.TIM_SetCompare1)
    TIM_SetCompare2                          0x08007b33   Thumb Code     4  stm32f4xx_tim.o(i.TIM_SetCompare2)
    TIM_SetCounter                           0x08007b37   Thumb Code     4  stm32f4xx_tim.o(i.TIM_SetCounter)
    TIM_SetIC1Prescaler                      0x08007b3b   Thumb Code    18  stm32f4xx_tim.o(i.TIM_SetIC1Prescaler)
    TIM_SetIC2Prescaler                      0x08007b4d   Thumb Code    26  stm32f4xx_tim.o(i.TIM_SetIC2Prescaler)
    TIM_SetIC3Prescaler                      0x08007b67   Thumb Code    18  stm32f4xx_tim.o(i.TIM_SetIC3Prescaler)
    TIM_SetIC4Prescaler                      0x08007b79   Thumb Code    26  stm32f4xx_tim.o(i.TIM_SetIC4Prescaler)
    TIM_TimeBaseInit                         0x08007b95   Thumb Code   104  stm32f4xx_tim.o(i.TIM_TimeBaseInit)
    Task_CanTx                               0x08007c19   Thumb Code    48  task_cantx.o(i.Task_CanTx)
    Task_Control                             0x08007c55   Thumb Code    68  task_control.o(i.Task_Control)
    Task_DebugMsg                            0x08007c9d   Thumb Code   172  task_debugmsg.o(i.Task_DebugMsg)
    Task_IMU                                 0x08007d91   Thumb Code    32  task_imu.o(i.Task_IMU)
    Task_Monitor                             0x08007db9   Thumb Code   302  task_monitor.o(i.Task_Monitor)
    Task_SysInit                             0x08007ff1   Thumb Code   358  task_sysinit.o(i.Task_SysInit)
    USART1_IRQHandler                        0x080081f1   Thumb Code   124  stm32f4xx_it.o(i.USART1_IRQHandler)
    USART3_IRQHandler                        0x08008281   Thumb Code    72  stm32f4xx_it.o(i.USART3_IRQHandler)
    USART_ClearFlag                          0x080082d1   Thumb Code    18  stm32f4xx_usart.o(i.USART_ClearFlag)
    USART_Cmd                                0x080082e3   Thumb Code    24  stm32f4xx_usart.o(i.USART_Cmd)
    USART_DMACmd                             0x080082fb   Thumb Code    18  stm32f4xx_usart.o(i.USART_DMACmd)
    USART_ITConfig                           0x0800830d   Thumb Code    74  stm32f4xx_usart.o(i.USART_ITConfig)
    USART_Init                               0x08008359   Thumb Code   204  stm32f4xx_usart.o(i.USART_Init)
    USART_ReceiveData                        0x0800842d   Thumb Code    10  stm32f4xx_usart.o(i.USART_ReceiveData)
    UpdateQ                                  0x08008439   Thumb Code  1680  task_imu.o(i.UpdateQ)
    UsageFault_Handler                       0x08008ae9   Thumb Code     4  stm32f4xx_it.o(i.UsageFault_Handler)
    ZGYRO_Reset                              0x08008aed   Thumb Code    86  driver_can.o(i.ZGYRO_Reset)
    __ARM_fpclassify                         0x08008b49   Thumb Code    48  fpclassify.o(i.__ARM_fpclassify)
    __hardfp_asin                            0x08008b79   Thumb Code   770  asin.o(i.__hardfp_asin)
    __hardfp_atan                            0x08008ed9   Thumb Code   622  atan.o(i.__hardfp_atan)
    __hardfp_atan2                           0x080091b1   Thumb Code   432  atan2.o(i.__hardfp_atan2)
    __hardfp_sqrt                            0x080093a1   Thumb Code   122  sqrt.o(i.__hardfp_sqrt)
    __kernel_poly                            0x0800941b   Thumb Code   248  poly.o(i.__kernel_poly)
    __mathlib_dbl_infnan                     0x08009513   Thumb Code    20  dunder.o(i.__mathlib_dbl_infnan)
    __mathlib_dbl_infnan2                    0x08009527   Thumb Code    20  dunder.o(i.__mathlib_dbl_infnan2)
    __mathlib_dbl_invalid                    0x08009541   Thumb Code    24  dunder.o(i.__mathlib_dbl_invalid)
    __mathlib_dbl_underflow                  0x08009561   Thumb Code    24  dunder.o(i.__mathlib_dbl_underflow)
    _sys_exit                                0x08009581   Thumb Code     4  driver_usart.o(i._sys_exit)
    atan                                     0x08009585   Thumb Code    16  atan.o(i.atan)
    fabs                                     0x08009595   Thumb Code    24  fabs.o(i.fabs)
    fputc                                    0x080095ad   Thumb Code    24  driver_usart.o(i.fputc)
    main                                     0x08009635   Thumb Code    64  main.o(i.main)
    sqrt                                     0x08009691   Thumb Code   110  sqrt.o(i.sqrt)
    _get_lc_numeric                          0x08009701   Thumb Code    44  lc_numeric_c.o(locale$$code)
    __aeabi_dneg                             0x0800972d   Thumb Code     0  basic.o(x$fpl$basic)
    _dneg                                    0x0800972d   Thumb Code     6  basic.o(x$fpl$basic)
    __aeabi_fneg                             0x08009733   Thumb Code     0  basic.o(x$fpl$basic)
    _fneg                                    0x08009733   Thumb Code     6  basic.o(x$fpl$basic)
    _dabs                                    0x08009739   Thumb Code     6  basic.o(x$fpl$basic)
    _fabs                                    0x0800973f   Thumb Code     6  basic.o(x$fpl$basic)
    __aeabi_d2f                              0x08009745   Thumb Code     0  d2f.o(x$fpl$d2f)
    _d2f                                     0x08009745   Thumb Code    98  d2f.o(x$fpl$d2f)
    __aeabi_dadd                             0x080097a9   Thumb Code     0  daddsub_clz.o(x$fpl$dadd)
    _dadd                                    0x080097a9   Thumb Code   332  daddsub_clz.o(x$fpl$dadd)
    __aeabi_ddiv                             0x080098f9   Thumb Code     0  ddiv.o(x$fpl$ddiv)
    _ddiv                                    0x080098f9   Thumb Code   552  ddiv.o(x$fpl$ddiv)
    __aeabi_d2iz                             0x08009ba9   Thumb Code     0  dfix.o(x$fpl$dfix)
    _dfix                                    0x08009ba9   Thumb Code    94  dfix.o(x$fpl$dfix)
    __aeabi_i2d                              0x08009c07   Thumb Code     0  dflt_clz.o(x$fpl$dflt)
    _dflt                                    0x08009c07   Thumb Code    46  dflt_clz.o(x$fpl$dflt)
    __aeabi_dmul                             0x08009c35   Thumb Code     0  dmul.o(x$fpl$dmul)
    _dmul                                    0x08009c35   Thumb Code   332  dmul.o(x$fpl$dmul)
    __fpl_dnaninf                            0x08009d89   Thumb Code   156  dnaninf.o(x$fpl$dnaninf)
    __fpl_dretinf                            0x08009e25   Thumb Code    12  dretinf.o(x$fpl$dretinf)
    __aeabi_drsub                            0x08009e31   Thumb Code     0  daddsub_clz.o(x$fpl$drsb)
    _drsb                                    0x08009e31   Thumb Code    22  daddsub_clz.o(x$fpl$drsb)
    _dsqrt                                   0x08009e49   Thumb Code   404  dsqrt_umaal.o(x$fpl$dsqrt)
    __aeabi_dsub                             0x08009fe1   Thumb Code     0  daddsub_clz.o(x$fpl$dsub)
    _dsub                                    0x08009fe1   Thumb Code   464  daddsub_clz.o(x$fpl$dsub)
    __aeabi_f2d                              0x0800a1b5   Thumb Code     0  f2d.o(x$fpl$f2d)
    _f2d                                     0x0800a1b5   Thumb Code    86  f2d.o(x$fpl$f2d)
    __fpl_fnaninf                            0x0800a20b   Thumb Code   140  fnaninf.o(x$fpl$fnaninf)
    _fp_init                                 0x0800a297   Thumb Code    10  fpinit.o(x$fpl$fpinit)
    __fplib_config_fpu_vfp                   0x0800a29f   Thumb Code     0  fpinit.o(x$fpl$fpinit)
    __fplib_config_pureend_doubles           0x0800a29f   Thumb Code     0  fpinit.o(x$fpl$fpinit)
    __fpl_fretinf                            0x0800a2a1   Thumb Code    10  fretinf.o(x$fpl$fretinf)
    _printf_fp_dec                           0x0800a2ab   Thumb Code     4  printf1.o(x$fpl$printf1)
    __I$use$fp                               0x0800a2ae   Number         0  usenofp.o(x$fpl$usenofp)
    OSCfg_IdleTaskStkBasePtr                 0x0800a2b0   Data           4  os_cfg_app.o(.constdata)
    OSCfg_IdleTaskStkLimit                   0x0800a2b4   Data           4  os_cfg_app.o(.constdata)
    OSCfg_IdleTaskStkSize                    0x0800a2b8   Data           4  os_cfg_app.o(.constdata)
    OSCfg_IdleTaskStkSizeRAM                 0x0800a2bc   Data           4  os_cfg_app.o(.constdata)
    OSCfg_IntQBasePtr                        0x0800a2c0   Data           4  os_cfg_app.o(.constdata)
    OSCfg_IntQSize                           0x0800a2c4   Data           2  os_cfg_app.o(.constdata)
    OSCfg_IntQSizeRAM                        0x0800a2c8   Data           4  os_cfg_app.o(.constdata)
    OSCfg_IntQTaskStkBasePtr                 0x0800a2cc   Data           4  os_cfg_app.o(.constdata)
    OSCfg_IntQTaskStkLimit                   0x0800a2d0   Data           4  os_cfg_app.o(.constdata)
    OSCfg_IntQTaskStkSize                    0x0800a2d4   Data           4  os_cfg_app.o(.constdata)
    OSCfg_IntQTaskStkSizeRAM                 0x0800a2d8   Data           4  os_cfg_app.o(.constdata)
    OSCfg_ISRStkBasePtr                      0x0800a2dc   Data           4  os_cfg_app.o(.constdata)
    OSCfg_ISRStkSize                         0x0800a2e0   Data           4  os_cfg_app.o(.constdata)
    OSCfg_ISRStkSizeRAM                      0x0800a2e4   Data           4  os_cfg_app.o(.constdata)
    OSCfg_MsgPoolSize                        0x0800a2e8   Data           2  os_cfg_app.o(.constdata)
    OSCfg_MsgPoolSizeRAM                     0x0800a2ec   Data           4  os_cfg_app.o(.constdata)
    OSCfg_MsgPoolBasePtr                     0x0800a2f0   Data           4  os_cfg_app.o(.constdata)
    OSCfg_StatTaskPrio                       0x0800a2f4   Data           1  os_cfg_app.o(.constdata)
    OSCfg_StatTaskRate_Hz                    0x0800a2f8   Data           4  os_cfg_app.o(.constdata)
    OSCfg_StatTaskStkBasePtr                 0x0800a2fc   Data           4  os_cfg_app.o(.constdata)
    OSCfg_StatTaskStkLimit                   0x0800a300   Data           4  os_cfg_app.o(.constdata)
    OSCfg_StatTaskStkSize                    0x0800a304   Data           4  os_cfg_app.o(.constdata)
    OSCfg_StatTaskStkSizeRAM                 0x0800a308   Data           4  os_cfg_app.o(.constdata)
    OSCfg_StkSizeMin                         0x0800a30c   Data           4  os_cfg_app.o(.constdata)
    OSCfg_TickRate_Hz                        0x0800a310   Data           4  os_cfg_app.o(.constdata)
    OSCfg_TickTaskPrio                       0x0800a314   Data           1  os_cfg_app.o(.constdata)
    OSCfg_TickTaskStkBasePtr                 0x0800a318   Data           4  os_cfg_app.o(.constdata)
    OSCfg_TickTaskStkLimit                   0x0800a31c   Data           4  os_cfg_app.o(.constdata)
    OSCfg_TickTaskStkSize                    0x0800a320   Data           4  os_cfg_app.o(.constdata)
    OSCfg_TickTaskStkSizeRAM                 0x0800a324   Data           4  os_cfg_app.o(.constdata)
    OSCfg_TmrTaskPrio                        0x0800a328   Data           1  os_cfg_app.o(.constdata)
    OSCfg_TmrTaskRate_Hz                     0x0800a32c   Data           4  os_cfg_app.o(.constdata)
    OSCfg_TmrTaskStkBasePtr                  0x0800a330   Data           4  os_cfg_app.o(.constdata)
    OSCfg_TmrTaskStkLimit                    0x0800a334   Data           4  os_cfg_app.o(.constdata)
    OSCfg_TmrTaskStkSize                     0x0800a338   Data           4  os_cfg_app.o(.constdata)
    OSCfg_TmrTaskStkSizeRAM                  0x0800a33c   Data           4  os_cfg_app.o(.constdata)
    OSCfg_DataSizeRAM                        0x0800a340   Data           4  os_cfg_app.o(.constdata)
    OSDbg_DbgEn                              0x0800a344   Data           1  os_dbg.o(.constdata)
    OSDbg_ArgChkEn                           0x0800a345   Data           1  os_dbg.o(.constdata)
    OSDbg_AppHooksEn                         0x0800a346   Data           1  os_dbg.o(.constdata)
    OSDbg_EndiannessTest                     0x0800a348   Data           4  os_dbg.o(.constdata)
    OSDbg_CalledFromISRChkEn                 0x0800a34c   Data           1  os_dbg.o(.constdata)
    OSDbg_FlagEn                             0x0800a34d   Data           1  os_dbg.o(.constdata)
    OSDbg_FlagGrp                            0x0800a350   Data          40  os_dbg.o(.constdata)
    OSDbg_FlagDelEn                          0x0800a378   Data           1  os_dbg.o(.constdata)
    OSDbg_FlagModeClrEn                      0x0800a379   Data           1  os_dbg.o(.constdata)
    OSDbg_FlagPendAbortEn                    0x0800a37a   Data           1  os_dbg.o(.constdata)
    OSDbg_FlagGrpSize                        0x0800a37c   Data           2  os_dbg.o(.constdata)
    OSDbg_FlagWidth                          0x0800a37e   Data           2  os_dbg.o(.constdata)
    OSDbg_IntQ                               0x0800a380   Data           2  os_dbg.o(.constdata)
    OSDbg_ISRPostDeferredEn                  0x0800a382   Data           1  os_dbg.o(.constdata)
    OSDbg_Mem                                0x0800a384   Data          32  os_dbg.o(.constdata)
    OSDbg_MemEn                              0x0800a3a4   Data           1  os_dbg.o(.constdata)
    OSDbg_MemSize                            0x0800a3a6   Data           2  os_dbg.o(.constdata)
    OSDbg_MsgEn                              0x0800a3a8   Data           1  os_dbg.o(.constdata)
    OSDbg_MsgSize                            0x0800a3aa   Data           2  os_dbg.o(.constdata)
    OSDbg_MsgPoolSize                        0x0800a3ac   Data           2  os_dbg.o(.constdata)
    OSDbg_MsgQSize                           0x0800a3ae   Data           2  os_dbg.o(.constdata)
    OSDbg_Mutex                              0x0800a3b0   Data          44  os_dbg.o(.constdata)
    OSDbg_MutexEn                            0x0800a3dc   Data           1  os_dbg.o(.constdata)
    OSDbg_MutexDelEn                         0x0800a3dd   Data           1  os_dbg.o(.constdata)
    OSDbg_MutexPendAbortEn                   0x0800a3de   Data           1  os_dbg.o(.constdata)
    OSDbg_MutexSize                          0x0800a3e0   Data           2  os_dbg.o(.constdata)
    OSDbg_ObjTypeChkEn                       0x0800a3e2   Data           1  os_dbg.o(.constdata)
    OSDbg_PendMultiEn                        0x0800a3e3   Data           1  os_dbg.o(.constdata)
    OSDbg_PendDataSize                       0x0800a3e4   Data           2  os_dbg.o(.constdata)
    OSDbg_PendListSize                       0x0800a3e6   Data           2  os_dbg.o(.constdata)
    OSDbg_PendObjSize                        0x0800a3e8   Data           2  os_dbg.o(.constdata)
    OSDbg_PrioMax                            0x0800a3ea   Data           2  os_dbg.o(.constdata)
    OSDbg_PrioTblSize                        0x0800a3ec   Data           2  os_dbg.o(.constdata)
    OSDbg_PtrSize                            0x0800a3ee   Data           2  os_dbg.o(.constdata)
    OSDbg_Q                                  0x0800a3f0   Data          48  os_dbg.o(.constdata)
    OSDbg_QEn                                0x0800a420   Data           1  os_dbg.o(.constdata)
    OSDbg_QDelEn                             0x0800a421   Data           1  os_dbg.o(.constdata)
    OSDbg_QFlushEn                           0x0800a422   Data           1  os_dbg.o(.constdata)
    OSDbg_QPendAbortEn                       0x0800a423   Data           1  os_dbg.o(.constdata)
    OSDbg_QSize                              0x0800a424   Data           2  os_dbg.o(.constdata)
    OSDbg_SchedRoundRobinEn                  0x0800a426   Data           1  os_dbg.o(.constdata)
    OSDbg_Sem                                0x0800a428   Data          40  os_dbg.o(.constdata)
    OSDbg_SemEn                              0x0800a450   Data           1  os_dbg.o(.constdata)
    OSDbg_SemDelEn                           0x0800a451   Data           1  os_dbg.o(.constdata)
    OSDbg_SemPendAbortEn                     0x0800a452   Data           1  os_dbg.o(.constdata)
    OSDbg_SemSetEn                           0x0800a453   Data           1  os_dbg.o(.constdata)
    OSDbg_SemSize                            0x0800a454   Data           2  os_dbg.o(.constdata)
    OSDbg_RdyList                            0x0800a456   Data           2  os_dbg.o(.constdata)
    OSDbg_RdyListSize                        0x0800a458   Data           4  os_dbg.o(.constdata)
    OSDbg_StkWidth                           0x0800a45c   Data           1  os_dbg.o(.constdata)
    OSDbg_StatTaskEn                         0x0800a45d   Data           1  os_dbg.o(.constdata)
    OSDbg_StatTaskStkChkEn                   0x0800a45e   Data           1  os_dbg.o(.constdata)
    OSDbg_TaskChangePrioEn                   0x0800a45f   Data           1  os_dbg.o(.constdata)
    OSDbg_TaskDelEn                          0x0800a460   Data           1  os_dbg.o(.constdata)
    OSDbg_TaskQEn                            0x0800a461   Data           1  os_dbg.o(.constdata)
    OSDbg_TaskQPendAbortEn                   0x0800a462   Data           1  os_dbg.o(.constdata)
    OSDbg_TaskProfileEn                      0x0800a463   Data           1  os_dbg.o(.constdata)
    OSDbg_TaskRegTblSize                     0x0800a464   Data           2  os_dbg.o(.constdata)
    OSDbg_TaskSemPendAbortEn                 0x0800a466   Data           1  os_dbg.o(.constdata)
    OSDbg_TaskSuspendEn                      0x0800a467   Data           1  os_dbg.o(.constdata)
    OSDbg_TCBSize                            0x0800a468   Data           2  os_dbg.o(.constdata)
    OSDbg_TickListSize                       0x0800a46a   Data           2  os_dbg.o(.constdata)
    OSDbg_TimeDlyHMSMEn                      0x0800a46c   Data           1  os_dbg.o(.constdata)
    OSDbg_TimeDlyResumeEn                    0x0800a46d   Data           1  os_dbg.o(.constdata)
    OSDbg_TLS_TblSize                        0x0800a46e   Data           2  os_dbg.o(.constdata)
    OSDbg_Tmr                                0x0800a470   Data          48  os_dbg.o(.constdata)
    OSDbg_TmrEn                              0x0800a4a0   Data           1  os_dbg.o(.constdata)
    OSDbg_TmrDelEn                           0x0800a4a1   Data           1  os_dbg.o(.constdata)
    OSDbg_TmrSize                            0x0800a4a2   Data           2  os_dbg.o(.constdata)
    OSDbg_VersionNbr                         0x0800a4a4   Data           2  os_dbg.o(.constdata)
    OSDbg_DataSize                           0x0800a4a8   Data           4  os_dbg.o(.constdata)
    __mathlib_zero                           0x0800a598   Data           8  qnan.o(.constdata)
    Region$$Table$$Base                      0x0800a634   Number         0  anon$$obj.o(Region$$Table)
    Region$$Table$$Limit                     0x0800a654   Number         0  anon$$obj.o(Region$$Table)
    suc                                      0x20000000   Data           1  stm32f4xx_it.o(.data)
    __stdout                                 0x20000004   Data           4  driver_usart.o(.data)
    ControlMode                              0x20000008   Data           1  driver_remoter.o(.data)
    PreT4Frequ                               0x2000000c   Data           4  driver_dotshoot.o(.data)
    PreT4Stuck                               0x20000010   Data           4  driver_dotshoot.o(.data)
    temp                                     0x20000018   Data           2  driver_mpu6050.o(.data)
    LeftSwitchFlag                           0x20000026   Data           1  driver_rmcontrol.o(.data)
    Enemy_Index                              0x20000028   Data           2  driver_computervision.o(.data)
    rec                                      0x2000002a   Data           2  driver_computervision.o(.data)
    buff_index                               0x2000002c   Data           2  driver_computervision.o(.data)
    Scan_Cnt                                 0x2000002e   Data           2  driver_computervision.o(.data)
    q0                                       0x20000034   Data           4  task_imu.o(.data)
    q1                                       0x20000038   Data           4  task_imu.o(.data)
    q2                                       0x2000003c   Data           4  task_imu.o(.data)
    q3                                       0x20000040   Data           4  task_imu.o(.data)
    RightSwitchFlag                          0x20000064   Data           1  task_control.o(.data)
    FricStatus                               0x20000065   Data           1  task_control.o(.data)
    ErrCode                                  0x20000066   Data           2  task_monitor.o(.data)
    YawIMUFrameRate                          0x20000068   Data           1  task_monitor.o(.data)
    MiniPCFrameRate                          0x20000069   Data           1  task_monitor.o(.data)
    RemoterFrameRate                         0x2000006a   Data           1  task_monitor.o(.data)
    YawMotorFrameRate                        0x2000006b   Data           1  task_monitor.o(.data)
    PitchMotorFrameRate                      0x2000006c   Data           1  task_monitor.o(.data)
    ChasisMotor1FrameRate                    0x2000006d   Data           1  task_monitor.o(.data)
    ChasisMotor2FrameRate                    0x2000006e   Data           1  task_monitor.o(.data)
    ChasisMotor3FrameRate                    0x2000006f   Data           1  task_monitor.o(.data)
    ChasisMotor4FrameRate                    0x20000070   Data           1  task_monitor.o(.data)
    ChasisControlBoardFrameRate              0x20000071   Data           1  task_monitor.o(.data)
    CPU_TS_TmrFreq_Hz                        0x20000084   Data           4  cpu_core.o(.data)
    OSPrioTbl                                0x20000088   Data           8  os_prio.o(.data)
    OS_AppTaskCreateHookPtr                  0x20000090   Data           4  os_var.o(.data)
    OS_AppTaskDelHookPtr                     0x20000094   Data           4  os_var.o(.data)
    OS_AppTaskReturnHookPtr                  0x20000098   Data           4  os_var.o(.data)
    OS_AppIdleTaskHookPtr                    0x2000009c   Data           4  os_var.o(.data)
    OS_AppStatTaskHookPtr                    0x200000a0   Data           4  os_var.o(.data)
    OS_AppTaskSwHookPtr                      0x200000a4   Data           4  os_var.o(.data)
    OS_AppTimeTickHookPtr                    0x200000a8   Data           4  os_var.o(.data)
    OSIdleTaskCtr                            0x200000ac   Data           4  os_var.o(.data)
    OSIntNestingCtr                          0x200000b0   Data           1  os_var.o(.data)
    OSRunning                                0x200000b1   Data           1  os_var.o(.data)
    OSFlagDbgListPtr                         0x200000b4   Data           4  os_var.o(.data)
    OSFlagQty                                0x200000b8   Data           2  os_var.o(.data)
    OSMemDbgListPtr                          0x200000bc   Data           4  os_var.o(.data)
    OSMemQty                                 0x200000c0   Data           2  os_var.o(.data)
    OSMutexDbgListPtr                        0x200000c4   Data           4  os_var.o(.data)
    OSMutexQty                               0x200000c8   Data           2  os_var.o(.data)
    OSPrioCur                                0x200000ca   Data           1  os_var.o(.data)
    OSPrioHighRdy                            0x200000cb   Data           1  os_var.o(.data)
    OSPrioSaved                              0x200000cc   Data           1  os_var.o(.data)
    OSQDbgListPtr                            0x200000d0   Data           4  os_var.o(.data)
    OSQQty                                   0x200000d4   Data           2  os_var.o(.data)
    OSSchedLockTimeBegin                     0x200000d8   Data           4  os_var.o(.data)
    OSSchedLockTimeMax                       0x200000dc   Data           4  os_var.o(.data)
    OSSchedLockTimeMaxCur                    0x200000e0   Data           4  os_var.o(.data)
    OSSchedLockNestingCtr                    0x200000e4   Data           1  os_var.o(.data)
    OSSemDbgListPtr                          0x200000e8   Data           4  os_var.o(.data)
    OSSemQty                                 0x200000ec   Data           2  os_var.o(.data)
    OSStatResetFlag                          0x200000ee   Data           1  os_var.o(.data)
    OSStatTaskCPUUsage                       0x200000f0   Data           2  os_var.o(.data)
    OSStatTaskCPUUsageMax                    0x200000f2   Data           2  os_var.o(.data)
    OSStatTaskCtr                            0x200000f4   Data           4  os_var.o(.data)
    OSStatTaskCtrMax                         0x200000f8   Data           4  os_var.o(.data)
    OSStatTaskCtrRun                         0x200000fc   Data           4  os_var.o(.data)
    OSStatTaskRdy                            0x20000100   Data           1  os_var.o(.data)
    OSStatTaskTimeMax                        0x20000104   Data           4  os_var.o(.data)
    OSTaskCtxSwCtr                           0x20000108   Data           4  os_var.o(.data)
    OSTaskDbgListPtr                         0x2000010c   Data           4  os_var.o(.data)
    OSTaskQty                                0x20000110   Data           2  os_var.o(.data)
    OSTaskRegNextAvailID                     0x20000112   Data           1  os_var.o(.data)
    OSTickCtr                                0x20000114   Data           4  os_var.o(.data)
    OSTickTaskTimeMax                        0x20000118   Data           4  os_var.o(.data)
    OSTickListDly                            0x2000011c   Data           8  os_var.o(.data)
    OSTickListTimeout                        0x20000124   Data           8  os_var.o(.data)
    OSTmrDbgListPtr                          0x2000012c   Data           4  os_var.o(.data)
    OSTmrListEntries                         0x20000130   Data           2  os_var.o(.data)
    OSTmrListPtr                             0x20000134   Data           4  os_var.o(.data)
    OSTmrQty                                 0x20000138   Data           2  os_var.o(.data)
    OSTmrTaskTimeMax                         0x2000013c   Data           4  os_var.o(.data)
    OSTmrTickCtr                             0x20000140   Data           4  os_var.o(.data)
    OSTmrUpdateCnt                           0x20000144   Data           4  os_var.o(.data)
    OSTmrUpdateCtr                           0x20000148   Data           4  os_var.o(.data)
    OSTCBCurPtr                              0x2000014c   Data           4  os_var.o(.data)
    OSTCBHighRdyPtr                          0x20000150   Data           4  os_var.o(.data)
    OS_CPU_ExceptStkBase                     0x20000154   Data           4  os_cpu_c.o(.data)
    Task_SysInitTCB                          0x20000158   Data         184  main.o(.bss)
    Task_SysInitStk                          0x20000210   Data         512  main.o(.bss)
    PID_ChasisMotor1                         0x20000410   Data          44  driver_pid.o(.bss)
    PID_ChasisMotor2                         0x2000043c   Data          44  driver_pid.o(.bss)
    PID_ChasisMotor3                         0x20000468   Data          44  driver_pid.o(.bss)
    PID_ChasisMotor4                         0x20000494   Data          44  driver_pid.o(.bss)
    PID_CV_ENEMY_X                           0x200004c0   Data          44  driver_pid.o(.bss)
    PID_CV_ENEMY_Y                           0x200004ec   Data          44  driver_pid.o(.bss)
    PID_DotShoot_VO                          0x20000518   Data          44  driver_pid.o(.bss)
    PID_DotShoot_P                           0x20000544   Data          44  driver_pid.o(.bss)
    PID_DotShoot_V                           0x20000570   Data          44  driver_pid.o(.bss)
    PID_Pitch_P                              0x2000059c   Data          44  driver_pid.o(.bss)
    PID_Pitch_V                              0x200005c8   Data          44  driver_pid.o(.bss)
    PID_Yaw_P                                0x200005f4   Data          44  driver_pid.o(.bss)
    PID_Yaw_V                                0x20000620   Data          44  driver_pid.o(.bss)
    PID_Servo                                0x2000064c   Data          44  driver_pid.o(.bss)
    PitchEncoder                             0x20000678   Data          12  driver_can.o(.bss)
    YawEncoder                               0x20000684   Data          12  driver_can.o(.bss)
    CloudPitch_Ramp                          0x200006b8   Data          12  driver_ramp.o(.bss)
    CloudYaw_Ramp                            0x200006c4   Data          12  driver_ramp.o(.bss)
    Chasis1_Ramp                             0x200006d0   Data          12  driver_ramp.o(.bss)
    Chasis2_Ramp                             0x200006dc   Data          12  driver_ramp.o(.bss)
    Chasis3_Ramp                             0x200006e8   Data          12  driver_ramp.o(.bss)
    Chasis4_Ramp                             0x200006f4   Data          12  driver_ramp.o(.bss)
    DBUS_BUFF                                0x20000700   Data          18  driver_dbus.o(.bss)
    Remoter                                  0x20000712   Data          22  driver_dbus.o(.bss)
    DotShoot                                 0x20000728   Data          12  driver_dotshoot.o(.bss)
    GyroOffset                               0x20000734   Data          12  driver_mpu6050.o(.bss)
    MagOffset                                0x20000740   Data          24  driver_mpu6050.o(.bss)
    CloudAttitude                            0x20000758   Data          36  driver_mpu6050.o(.bss)
    VisionPackage                            0x200007b8   Data          24  driver_computervision.o(.bss)
    Enemy                                    0x200007d0   Data          80  driver_computervision.o(.bss)
    pc_buff                                  0x20000820   Data         400  driver_computervision.o(.bss)
    fifo                                     0x200009b0   Data          18  task_imu.o(.bss)
    Task_IMUStk                              0x200009c4   Data        2048  task_sysinit.o(.bss)
    Task_CanTxStk                            0x200011c4   Data         512  task_sysinit.o(.bss)
    Task_ControlStk                          0x200013c4   Data        1024  task_sysinit.o(.bss)
    Task_MonitorStk                          0x200017c4   Data         512  task_sysinit.o(.bss)
    Task_DebugMsgStk                         0x200019c4   Data        1024  task_sysinit.o(.bss)
    Task_IMUTCB                              0x20001dc4   Data         184  task_sysinit.o(.bss)
    Task_CanTxTCB                            0x20001e7c   Data         184  task_sysinit.o(.bss)
    Task_ControlTCB                          0x20001f34   Data         184  task_sysinit.o(.bss)
    Task_MonitorTCB                          0x20001fec   Data         184  task_sysinit.o(.bss)
    Task_DebugMsgTCB                         0x200020a4   Data         184  task_sysinit.o(.bss)
    GyroDRY_Sem                              0x2000215c   Data          40  task_sysinit.o(.bss)
    CanMsgQue                                0x20002184   Data          48  task_sysinit.o(.bss)
    ErrMsg                                   0x200021b4   Data         100  task_monitor.o(.bss)
    CPU_Name                                 0x20002218   Data          16  cpu_core.o(.bss)
    OSCfg_IdleTaskStk                        0x20002228   Data         512  os_cfg_app.o(.bss)
    OSCfg_ISRStk                             0x20002428   Data         512  os_cfg_app.o(.bss)
    OSCfg_MsgPool                            0x20002628   Data        1600  os_cfg_app.o(.bss)
    OSCfg_StatTaskStk                        0x20002c68   Data         512  os_cfg_app.o(.bss)
    OSCfg_TickTaskStk                        0x20002e68   Data         512  os_cfg_app.o(.bss)
    OSCfg_TmrTaskStk                         0x20003068   Data         512  os_cfg_app.o(.bss)
    OSIdleTaskTCB                            0x20003268   Data         184  os_var.o(.bss)
    OSMsgPool                                0x20003320   Data          12  os_var.o(.bss)
    OSRdyList                                0x2000332c   Data         768  os_var.o(.bss)
    OSStatTaskTCB                            0x2000362c   Data         184  os_var.o(.bss)
    OSTickTaskTCB                            0x200036e4   Data         184  os_var.o(.bss)
    OSTmrMutex                               0x2000379c   Data          44  os_var.o(.bss)
    OSTmrTaskTCB                             0x200037c8   Data         184  os_var.o(.bss)
    __libspace_start                         0x20003880   Data          96  libspace.o(.bss)
    __temporary_stack_top$libspace           0x200038e0   Data           0  libspace.o(.bss)



==============================================================================

Memory Map of the image

  Image Entry point : 0x08000189

  Load Region LR_IROM1 (Base: 0x08000000, Size: 0x0000a7c8, Max: 0x00100000, ABSOLUTE, COMPRESSED[0x0000a688])

    Execution Region ER_IROM1 (Base: 0x08000000, Size: 0x0000a670, Max: 0x00100000, ABSOLUTE)

    Base Addr    Size         Type   Attr      Idx    E Section Name        Object

    0x08000000   0x00000188   Data   RO         1395    RESET               startup_stm32f40_41xxx.o
    0x08000188   0x00000008   Code   RO         8061  * !!!main             c_w.l(__main.o)
    0x08000190   0x00000034   Code   RO         8468    !!!scatter          c_w.l(__scatter.o)
    0x080001c4   0x0000005a   Code   RO         8466    !!dczerorl2         c_w.l(__dczerorl2.o)
    0x0800021e   0x00000002   PAD
    0x08000220   0x0000001c   Code   RO         8470    !!handler_zi        c_w.l(__scatter_zi.o)
    0x0800023c   0x00000000   Code   RO         8054    .ARM.Collect$$_printf_percent$$00000000  c_w.l(_printf_percent.o)
    0x0800023c   0x00000006   Code   RO         8053    .ARM.Collect$$_printf_percent$$00000003  c_w.l(_printf_f.o)
    0x08000242   0x00000006   Code   RO         8052    .ARM.Collect$$_printf_percent$$00000009  c_w.l(_printf_d.o)
    0x08000248   0x00000004   Code   RO         8180    .ARM.Collect$$_printf_percent$$00000017  c_w.l(_printf_percent_end.o)
    0x0800024c   0x00000002   Code   RO         8341    .ARM.Collect$$libinit$$00000000  c_w.l(libinit.o)
    0x0800024e   0x00000004   Code   RO         8342    .ARM.Collect$$libinit$$00000001  c_w.l(libinit2.o)
    0x08000252   0x00000000   Code   RO         8345    .ARM.Collect$$libinit$$00000004  c_w.l(libinit2.o)
    0x08000252   0x00000000   Code   RO         8348    .ARM.Collect$$libinit$$0000000A  c_w.l(libinit2.o)
    0x08000252   0x00000000   Code   RO         8350    .ARM.Collect$$libinit$$0000000C  c_w.l(libinit2.o)
    0x08000252   0x00000000   Code   RO         8352    .ARM.Collect$$libinit$$0000000E  c_w.l(libinit2.o)
    0x08000252   0x00000006   Code   RO         8353    .ARM.Collect$$libinit$$0000000F  c_w.l(libinit2.o)
    0x08000258   0x00000000   Code   RO         8355    .ARM.Collect$$libinit$$00000011  c_w.l(libinit2.o)
    0x08000258   0x00000000   Code   RO         8357    .ARM.Collect$$libinit$$00000013  c_w.l(libinit2.o)
    0x08000258   0x00000000   Code   RO         8359    .ARM.Collect$$libinit$$00000015  c_w.l(libinit2.o)
    0x08000258   0x0000000a   Code   RO         8360    .ARM.Collect$$libinit$$00000016  c_w.l(libinit2.o)
    0x08000262   0x00000000   Code   RO         8361    .ARM.Collect$$libinit$$00000017  c_w.l(libinit2.o)
    0x08000262   0x00000000   Code   RO         8363    .ARM.Collect$$libinit$$00000019  c_w.l(libinit2.o)
    0x08000262   0x00000000   Code   RO         8365    .ARM.Collect$$libinit$$0000001B  c_w.l(libinit2.o)
    0x08000262   0x00000000   Code   RO         8367    .ARM.Collect$$libinit$$0000001D  c_w.l(libinit2.o)
    0x08000262   0x00000000   Code   RO         8369    .ARM.Collect$$libinit$$0000001F  c_w.l(libinit2.o)
    0x08000262   0x00000000   Code   RO         8371    .ARM.Collect$$libinit$$00000021  c_w.l(libinit2.o)
    0x08000262   0x00000000   Code   RO         8373    .ARM.Collect$$libinit$$00000023  c_w.l(libinit2.o)
    0x08000262   0x00000000   Code   RO         8375    .ARM.Collect$$libinit$$00000025  c_w.l(libinit2.o)
    0x08000262   0x00000000   Code   RO         8379    .ARM.Collect$$libinit$$0000002C  c_w.l(libinit2.o)
    0x08000262   0x00000000   Code   RO         8381    .ARM.Collect$$libinit$$0000002E  c_w.l(libinit2.o)
    0x08000262   0x00000000   Code   RO         8383    .ARM.Collect$$libinit$$00000030  c_w.l(libinit2.o)
    0x08000262   0x00000000   Code   RO         8385    .ARM.Collect$$libinit$$00000032  c_w.l(libinit2.o)
    0x08000262   0x00000002   Code   RO         8386    .ARM.Collect$$libinit$$00000033  c_w.l(libinit2.o)
    0x08000264   0x00000002   Code   RO         8428    .ARM.Collect$$libshutdown$$00000000  c_w.l(libshutdown.o)
    0x08000266   0x00000000   Code   RO         8449    .ARM.Collect$$libshutdown$$00000002  c_w.l(libshutdown2.o)
    0x08000266   0x00000000   Code   RO         8451    .ARM.Collect$$libshutdown$$00000004  c_w.l(libshutdown2.o)
    0x08000266   0x00000000   Code   RO         8454    .ARM.Collect$$libshutdown$$00000007  c_w.l(libshutdown2.o)
    0x08000266   0x00000000   Code   RO         8457    .ARM.Collect$$libshutdown$$0000000A  c_w.l(libshutdown2.o)
    0x08000266   0x00000000   Code   RO         8459    .ARM.Collect$$libshutdown$$0000000C  c_w.l(libshutdown2.o)
    0x08000266   0x00000000   Code   RO         8462    .ARM.Collect$$libshutdown$$0000000F  c_w.l(libshutdown2.o)
    0x08000266   0x00000002   Code   RO         8463    .ARM.Collect$$libshutdown$$00000010  c_w.l(libshutdown2.o)
    0x08000268   0x00000000   Code   RO         8167    .ARM.Collect$$rtentry$$00000000  c_w.l(__rtentry.o)
    0x08000268   0x00000000   Code   RO         8253    .ARM.Collect$$rtentry$$00000002  c_w.l(__rtentry2.o)
    0x08000268   0x00000006   Code   RO         8265    .ARM.Collect$$rtentry$$00000004  c_w.l(__rtentry4.o)
    0x0800026e   0x00000000   Code   RO         8255    .ARM.Collect$$rtentry$$00000009  c_w.l(__rtentry2.o)
    0x0800026e   0x00000004   Code   RO         8256    .ARM.Collect$$rtentry$$0000000A  c_w.l(__rtentry2.o)
    0x08000272   0x00000000   Code   RO         8258    .ARM.Collect$$rtentry$$0000000C  c_w.l(__rtentry2.o)
    0x08000272   0x00000008   Code   RO         8259    .ARM.Collect$$rtentry$$0000000D  c_w.l(__rtentry2.o)
    0x0800027a   0x00000002   Code   RO         8387    .ARM.Collect$$rtexit$$00000000  c_w.l(rtexit.o)
    0x0800027c   0x00000000   Code   RO         8400    .ARM.Collect$$rtexit$$00000002  c_w.l(rtexit2.o)
    0x0800027c   0x00000004   Code   RO         8401    .ARM.Collect$$rtexit$$00000003  c_w.l(rtexit2.o)
    0x08000280   0x00000006   Code   RO         8402    .ARM.Collect$$rtexit$$00000004  c_w.l(rtexit2.o)
    0x08000286   0x00000002   PAD
    0x08000288   0x00000040   Code   RO         1396    .text               startup_stm32f40_41xxx.o
    0x080002c8   0x00000034   Code   RO         6413    .text               cpu_a.o
    0x080002fc   0x00000018   Code   RO         8026    .text               c_w.l(noretval__2printf.o)
    0x08000314   0x00000068   Code   RO         8028    .text               c_w.l(__printf.o)
    0x0800037c   0x00000078   Code   RO         8030    .text               c_w.l(_printf_dec.o)
    0x080003f4   0x00000018   Code   RO         8055    .text               c_w.l(strcat.o)
    0x0800040c   0x00000006   Code   RO         8059    .text               c_w.l(heapauxi.o)
    0x08000412   0x00000016   Code   RO         8172    .text               c_w.l(_rserrno.o)
    0x08000428   0x000000b2   Code   RO         8174    .text               c_w.l(_printf_intcommon.o)
    0x080004da   0x0000041a   Code   RO         8176    .text               c_w.l(_printf_fp_dec.o)
    0x080008f4   0x00000024   Code   RO         8178    .text               c_w.l(_printf_char_file.o)
    0x08000918   0x00000008   Code   RO         8272    .text               c_w.l(rt_locale_intlibspace.o)
    0x08000920   0x00000008   Code   RO         8277    .text               c_w.l(rt_errno_addr_intlibspace.o)
    0x08000928   0x0000008a   Code   RO         8279    .text               c_w.l(lludiv10.o)
    0x080009b2   0x00000002   PAD
    0x080009b4   0x00000030   Code   RO         8281    .text               c_w.l(_printf_char_common.o)
    0x080009e4   0x00000080   Code   RO         8283    .text               c_w.l(_printf_fp_infnan.o)
    0x08000a64   0x000000dc   Code   RO         8285    .text               c_w.l(bigflt0.o)
    0x08000b40   0x00000008   Code   RO         8310    .text               c_w.l(ferror.o)
    0x08000b48   0x00000008   Code   RO         8321    .text               c_w.l(libspace.o)
    0x08000b50   0x0000004a   Code   RO         8324    .text               c_w.l(sys_stackheap_outer.o)
    0x08000b9a   0x00000012   Code   RO         8328    .text               c_w.l(exit.o)
    0x08000bac   0x00000080   Code   RO         8334    .text               c_w.l(strcmpv7m.o)
    0x08000c2c   0x0000003e   Code   RO         8288    CL$$btod_d2e        c_w.l(btod.o)
    0x08000c6a   0x00000046   Code   RO         8290    CL$$btod_d2e_denorm_low  c_w.l(btod.o)
    0x08000cb0   0x00000060   Code   RO         8289    CL$$btod_d2e_norm_op1  c_w.l(btod.o)
    0x08000d10   0x00000338   Code   RO         8298    CL$$btod_div_common  c_w.l(btod.o)
    0x08001048   0x000000c6   Code   RO         8295    CL$$btod_e2e        c_w.l(btod.o)
    0x0800110e   0x00000028   Code   RO         8292    CL$$btod_ediv       c_w.l(btod.o)
    0x08001136   0x00000028   Code   RO         8291    CL$$btod_emul       c_w.l(btod.o)
    0x0800115e   0x00000244   Code   RO         8297    CL$$btod_mult_common  c_w.l(btod.o)
    0x080013a2   0x00000002   PAD
    0x080013a4   0x000000ac   Code   RO         7931    CODE                os_cpu_a.o
    0x08001450   0x000001ac   Code   RO         1315    i.BSP_CAN_InitConfig  bsp_can.o
    0x080015fc   0x0000000e   Code   RO         6169    i.BSP_CPU_ClkFreq   bsp.o
    0x0800160a   0x0000004c   Code   RO         1335    i.BSP_EXTI_InitConfig  bsp_exti.o
    0x08001656   0x00000002   PAD
    0x08001658   0x0000003c   Code   RO         1269    i.BSP_GPIO_Init     bsp_tim.o
    0x08001694   0x0000007c   Code   RO         1249    i.BSP_IIC_InitConfig  bsp_iic.o
    0x08001710   0x00000020   Code   RO         1295    i.BSP_Init          bsp_all.o
    0x08001730   0x0000000c   Code   RO         1355    i.BSP_NVIC_InitConfig  bsp_nvic.o
    0x0800173c   0x00000218   Code   RO         1270    i.BSP_TIM_InitConfig  bsp_tim.o
    0x08001954   0x000001d0   Code   RO         1375    i.BSP_UART_InitConfig  bsp_uart.o
    0x08001b24   0x00000004   Code   RO          283    i.BusFault_Handler  stm32f4xx_it.o
    0x08001b28   0x0000005c   Code   RO          521    i.CAN1_Process      driver_can.o
    0x08001b84   0x0000005c   Code   RO          284    i.CAN1_RX0_IRQHandler  stm32f4xx_it.o
    0x08001be0   0x00000040   Code   RO          285    i.CAN1_TX_IRQHandler  stm32f4xx_it.o
    0x08001c20   0x0000015c   Code   RO          522    i.CAN2_Process      driver_can.o
    0x08001d7c   0x0000005c   Code   RO          286    i.CAN2_RX0_IRQHandler  stm32f4xx_it.o
    0x08001dd8   0x0000004c   Code   RO          287    i.CAN2_TX_IRQHandler  stm32f4xx_it.o
    0x08001e24   0x000000a8   Code   RO         1727    i.CAN_ClearITPendingBit  stm32f4xx_can.o
    0x08001ecc   0x00000038   Code   RO         1729    i.CAN_DeInit        stm32f4xx_can.o
    0x08001f04   0x00000108   Code   RO         1731    i.CAN_FilterInit    stm32f4xx_can.o
    0x0800200c   0x00000012   Code   RO         1737    i.CAN_ITConfig      stm32f4xx_can.o
    0x0800201e   0x00000114   Code   RO         1738    i.CAN_Init          stm32f4xx_can.o
    0x08002132   0x000000f0   Code   RO         1741    i.CAN_Receive       stm32f4xx_can.o
    0x08002222   0x00000020   Code   RO         1744    i.CAN_StructInit    stm32f4xx_can.o
    0x08002242   0x00000126   Code   RO         1746    i.CAN_Transmit      stm32f4xx_can.o
    0x08002368   0x0000000c   Code   RO         6295    i.CPU_Init          cpu_core.o
    0x08002374   0x00000030   Code   RO         6296    i.CPU_NameClr       cpu_core.o
    0x080023a4   0x00000008   Code   RO         6298    i.CPU_NameInit      cpu_core.o
    0x080023ac   0x00000014   Code   RO         6302    i.CPU_TS_Init       cpu_core.o
    0x080023c0   0x0000000c   Code   RO         6304    i.CPU_TS_TmrFreqSet  cpu_core.o
    0x080023cc   0x00000034   Code   RO         6171    i.CPU_TS_TmrInit    bsp.o
    0x08002400   0x0000000c   Code   RO         6172    i.CPU_TS_TmrRd      bsp.o
    0x0800240c   0x00000058   Code   RO          938    i.CV_ClearEnemy     driver_computervision.o
    0x08002464   0x000000b4   Code   RO          734    i.ContinuousControl  driver_dotshoot.o
    0x08002518   0x00000038   Code   RO          678    i.ControlModeSwitch  driver_remoter.o
    0x08002550   0x000000e4   Code   RO          615    i.DBUS_Decode       driver_dbus.o
    0x08002634   0x00000030   Code   RO          616    i.DBUS_Init         driver_dbus.o
    0x08002664   0x00000034   Code   RO         2426    i.DMA_ClearFlag     stm32f4xx_dma.o
    0x08002698   0x00000016   Code   RO         2428    i.DMA_Cmd           stm32f4xx_dma.o
    0x080026ae   0x00000002   PAD
    0x080026b0   0x00000158   Code   RO         2429    i.DMA_DeInit        stm32f4xx_dma.o
    0x08002808   0x00000014   Code   RO         2433    i.DMA_GetCmdStatus  stm32f4xx_dma.o
    0x0800281c   0x00000058   Code   RO         2440    i.DMA_Init          stm32f4xx_dma.o
    0x08002874   0x00000004   Code   RO         2443    i.DMA_SetCurrDataCounter  stm32f4xx_dma.o
    0x08002878   0x00000028   Code   RO          884    i.DataLimit         driver_rmcontrol.o
    0x080028a0   0x00000002   Code   RO          288    i.DebugMon_Handler  stm32f4xx_it.o
    0x080028a2   0x00000002   PAD
    0x080028a4   0x00000064   Code   RO          735    i.DotShootControl   driver_dotshoot.o
    0x08002908   0x00000040   Code   RO          736    i.DotShootMotorControl  driver_dotshoot.o
    0x08002948   0x0000001c   Code   RO          737    i.DotShootTickInit  driver_dotshoot.o
    0x08002964   0x00000014   Code   RO          738    i.DotShoot_Init     driver_dotshoot.o
    0x08002978   0x00000040   Code   RO          289    i.EXTI4_IRQHandler  stm32f4xx_it.o
    0x080029b8   0x00000094   Code   RO         2691    i.EXTI_Init         stm32f4xx_exti.o
    0x08002a4c   0x0000005c   Code   RO         1195    i.FrameRateReInit   task_monitor.o
    0x08002aa8   0x00000034   Code   RO          523    i.GMEncoder_Init    driver_can.o
    0x08002adc   0x00000090   Code   RO         3162    i.GPIO_Init         stm32f4xx_gpio.o
    0x08002b6c   0x00000046   Code   RO         3163    i.GPIO_PinAFConfig  stm32f4xx_gpio.o
    0x08002bb2   0x00000012   Code   RO         3166    i.GPIO_ReadInputDataBit  stm32f4xx_gpio.o
    0x08002bc4   0x00000004   Code   RO         3169    i.GPIO_ResetBits    stm32f4xx_gpio.o
    0x08002bc8   0x00000004   Code   RO         3170    i.GPIO_SetBits      stm32f4xx_gpio.o
    0x08002bcc   0x00000012   Code   RO         3171    i.GPIO_StructInit   stm32f4xx_gpio.o
    0x08002bde   0x00000002   PAD
    0x08002be0   0x0000000c   Code   RO          679    i.GetControlMode    driver_remoter.o
    0x08002bec   0x0000002c   Code   RO          739    i.GetEncoderFeedBack  driver_dotshoot.o
    0x08002c18   0x00000084   Code   RO          617    i.GetRemoterMsg     driver_dbus.o
    0x08002c9c   0x000000f0   Code   RO          806    i.Get_9Motion_Data  driver_mpu6050.o
    0x08002d8c   0x0000005a   Code   RO          807    i.Get_HML5883L_Data  driver_mpu6050.o
    0x08002de6   0x00000002   PAD
    0x08002de8   0x000000b4   Code   RO          808    i.Get_MPU6050_Data  driver_mpu6050.o
    0x08002e9c   0x0000008c   Code   RO          809    i.Gyro_Cali         driver_mpu6050.o
    0x08002f28   0x00000004   Code   RO          290    i.HardFault_Handler  stm32f4xx_it.o
    0x08002f2c   0x00000050   Code   RO          401    i.IIC_Ack           driver_iic.o
    0x08002f7c   0x0000000c   Code   RO          402    i.IIC_Delay         driver_iic.o
    0x08002f88   0x00000050   Code   RO          403    i.IIC_NAck          driver_iic.o
    0x08002fd8   0x00000072   Code   RO          404    i.IIC_ReadData      driver_iic.o
    0x0800304a   0x00000002   PAD
    0x0800304c   0x0000006c   Code   RO          405    i.IIC_Read_Byte     driver_iic.o
    0x080030b8   0x00000078   Code   RO          406    i.IIC_Send_Byte     driver_iic.o
    0x08003130   0x00000050   Code   RO          407    i.IIC_Start         driver_iic.o
    0x08003180   0x00000050   Code   RO          408    i.IIC_Stop          driver_iic.o
    0x080031d0   0x00000068   Code   RO          409    i.IIC_Wait_Ack      driver_iic.o
    0x08003238   0x00000044   Code   RO          410    i.IIC_WriteData     driver_iic.o
    0x0800327c   0x00000118   Code   RO         1014    i.IMU_GetPitchRoll  task_imu.o
    0x08003394   0x000000d0   Code   RO         1015    i.IMU_GetPitchRollYaw  task_imu.o
    0x08003464   0x00000048   Code   RO         1150    i.KMProcess         task_control.o
    0x080034ac   0x000000f8   Code   RO          810    i.MPU6050_5883L_Init  driver_mpu6050.o
    0x080035a4   0x00000004   Code   RO          291    i.MemManage_Handler  stm32f4xx_it.o
    0x080035a8   0x00000012   Code   RO         6605    i.Mem_Clr           lib_mem.o
    0x080035ba   0x00000054   Code   RO         6621    i.Mem_Set           lib_mem.o
    0x0800360e   0x00000002   PAD
    0x08003610   0x00000050   Code   RO          943    i.MiniPCDecode      driver_computervision.o
    0x08003660   0x0000009c   Code   RO          944    i.MiniPCRec         driver_computervision.o
    0x080036fc   0x0000000c   Code   RO          680    i.Mode_Init         driver_remoter.o
    0x08003708   0x00000002   Code   RO          292    i.NMI_Handler       stm32f4xx_it.o
    0x0800370a   0x00000002   PAD
    0x0800370c   0x00000078   Code   RO         1439    i.NVIC_Init         misc.o
    0x08003784   0x00000014   Code   RO         1440    i.NVIC_PriorityGroupConfig  misc.o
    0x08003798   0x00000002   Code   RO         6874    i.OSCfg_Init        os_cfg_app.o
    0x0800379a   0x00000002   PAD
    0x0800379c   0x00000014   Code   RO         7936    i.OSIdleTaskHook    os_cpu_c.o
    0x080037b0   0x00000164   Code   RO         6897    i.OSInit            os_core.o
    0x08003914   0x00000028   Code   RO         7937    i.OSInitHook        os_cpu_c.o
    0x0800393c   0x0000002c   Code   RO         6898    i.OSIntEnter        os_core.o
    0x08003968   0x000000dc   Code   RO         6899    i.OSIntExit         os_core.o
    0x08003a44   0x00000088   Code   RO         7290    i.OSMutexCreate     os_mutex.o
    0x08003acc   0x00000250   Code   RO         7292    i.OSMutexPend       os_mutex.o
    0x08003d1c   0x00000174   Code   RO         7294    i.OSMutexPost       os_mutex.o
    0x08003e90   0x00000090   Code   RO         7393    i.OSQCreate         os_q.o
    0x08003f20   0x000001d0   Code   RO         7396    i.OSQPend           os_q.o
    0x080040f0   0x000000a0   Code   RO         6900    i.OSSched           os_core.o
    0x08004190   0x00000074   Code   RO         6901    i.OSSchedLock       os_core.o
    0x08004204   0x00000094   Code   RO         6902    i.OSSchedUnlock     os_core.o
    0x08004298   0x00000080   Code   RO         7470    i.OSSemSet          os_sem.o
    0x08004318   0x00000068   Code   RO         6903    i.OSStart           os_core.o
    0x08004380   0x00000128   Code   RO         7537    i.OSStatReset       os_stat.o
    0x080044a8   0x000000f0   Code   RO         7538    i.OSStatTaskCPUUsageInit  os_stat.o
    0x08004598   0x00000014   Code   RO         7938    i.OSStatTaskHook    os_cpu_c.o
    0x080045ac   0x0000019c   Code   RO         7568    i.OSTaskCreate      os_task.o
    0x08004748   0x00000018   Code   RO         7939    i.OSTaskCreateHook  os_cpu_c.o
    0x08004760   0x00000128   Code   RO         7569    i.OSTaskDel         os_task.o
    0x08004888   0x00000018   Code   RO         7940    i.OSTaskDelHook     os_cpu_c.o
    0x080048a0   0x00000068   Code   RO         7577    i.OSTaskResume      os_task.o
    0x08004908   0x00000018   Code   RO         7941    i.OSTaskReturnHook  os_cpu_c.o
    0x08004920   0x000001dc   Code   RO         7578    i.OSTaskSemPend     os_task.o
    0x08004afc   0x0000003e   Code   RO         7580    i.OSTaskSemPost     os_task.o
    0x08004b3a   0x00000002   PAD
    0x08004b3c   0x000000d4   Code   RO         7582    i.OSTaskStkChk      os_task.o
    0x08004c10   0x0000025c   Code   RO         7942    i.OSTaskStkInit     os_cpu_c.o
    0x08004e6c   0x00000038   Code   RO         7583    i.OSTaskSuspend     os_task.o
    0x08004ea4   0x00000088   Code   RO         7943    i.OSTaskSwHook      os_cpu_c.o
    0x08004f2c   0x000000b8   Code   RO         7781    i.OSTimeDly         os_time.o
    0x08004fe4   0x00000034   Code   RO         7784    i.OSTimeGet         os_time.o
    0x08005018   0x00000044   Code   RO         7786    i.OSTimeTick        os_time.o
    0x0800505c   0x00000014   Code   RO         7944    i.OSTimeTickHook    os_cpu_c.o
    0x08005070   0x00000030   Code   RO         7946    i.OS_CPU_SysTickInit  os_cpu_c.o
    0x080050a0   0x000001a8   Code   RO         7113    i.OS_Dbg_Init       os_dbg.o
    0x08005248   0x00000018   Code   RO         7138    i.OS_FlagInit       os_flag.o
    0x08005260   0x00000044   Code   RO         6905    i.OS_IdleTask       os_core.o
    0x080052a4   0x00000070   Code   RO         6906    i.OS_IdleTaskInit   os_core.o
    0x08005314   0x00000018   Code   RO         7222    i.OS_MemInit        os_mem.o
    0x0800532c   0x0000007c   Code   RO         7254    i.OS_MsgPoolInit    os_msg.o
    0x080053a8   0x00000044   Code   RO         7255    i.OS_MsgQFreeAll    os_msg.o
    0x080053ec   0x00000068   Code   RO         7256    i.OS_MsgQGet        os_msg.o
    0x08005454   0x0000000e   Code   RO         7257    i.OS_MsgQInit       os_msg.o
    0x08005462   0x00000002   PAD
    0x08005464   0x00000030   Code   RO         7296    i.OS_MutexDbgListAdd  os_mutex.o
    0x08005494   0x00000018   Code   RO         7298    i.OS_MutexInit      os_mutex.o
    0x080054ac   0x00000068   Code   RO         6907    i.OS_Pend           os_core.o
    0x08005514   0x00000026   Code   RO         6910    i.OS_PendDataInit   os_core.o
    0x0800553a   0x00000002   PAD
    0x0800553c   0x0000005c   Code   RO         6911    i.OS_PendDbgNameAdd  os_core.o
    0x08005598   0x00000024   Code   RO         6912    i.OS_PendDbgNameRemove  os_core.o
    0x080055bc   0x00000046   Code   RO         6913    i.OS_PendListChangePrio  os_core.o
    0x08005602   0x0000000a   Code   RO         6914    i.OS_PendListInit   os_core.o
    0x0800560c   0x00000066   Code   RO         6916    i.OS_PendListInsertPrio  os_core.o
    0x08005672   0x00000030   Code   RO         6917    i.OS_PendListRemove  os_core.o
    0x080056a2   0x00000042   Code   RO         6918    i.OS_PendListRemove1  os_core.o
    0x080056e4   0x000000d6   Code   RO         6921    i.OS_Post           os_core.o
    0x080057ba   0x0000002a   Code   RO         6922    i.OS_Post1          os_core.o
    0x080057e4   0x00000028   Code   RO         7356    i.OS_PrioGetHighest  os_prio.o
    0x0800580c   0x00000018   Code   RO         7357    i.OS_PrioInit       os_prio.o
    0x08005824   0x00000024   Code   RO         7358    i.OS_PrioInsert     os_prio.o
    0x08005848   0x00000024   Code   RO         7359    i.OS_PrioRemove     os_prio.o
    0x0800586c   0x00000030   Code   RO         7400    i.OS_QDbgListAdd    os_q.o
    0x0800589c   0x00000018   Code   RO         7402    i.OS_QInit          os_q.o
    0x080058b4   0x00000024   Code   RO         6923    i.OS_RdyListInit    os_core.o
    0x080058d8   0x0000002c   Code   RO         6924    i.OS_RdyListInsert  os_core.o
    0x08005904   0x00000040   Code   RO         6925    i.OS_RdyListInsertHead  os_core.o
    0x08005944   0x0000003c   Code   RO         6926    i.OS_RdyListInsertTail  os_core.o
    0x08005980   0x0000005c   Code   RO         6928    i.OS_RdyListRemove  os_core.o
    0x080059dc   0x0000001c   Code   RO         6929    i.OS_SchedLockTimeMeasStart  os_core.o
    0x080059f8   0x0000003c   Code   RO         6930    i.OS_SchedLockTimeMeasStop  os_core.o
    0x08005a34   0x00000018   Code   RO         7474    i.OS_SemInit        os_sem.o
    0x08005a4c   0x000002e8   Code   RO         7539    i.OS_StatTask       os_stat.o
    0x08005d34   0x000000cc   Code   RO         7540    i.OS_StatTaskInit   os_stat.o
    0x08005e00   0x0000002c   Code   RO         6931    i.OS_TaskBlock      os_core.o
    0x08005e2c   0x00000030   Code   RO         7584    i.OS_TaskDbgListAdd  os_task.o
    0x08005e5c   0x00000044   Code   RO         7585    i.OS_TaskDbgListRemove  os_task.o
    0x08005ea0   0x00000020   Code   RO         7586    i.OS_TaskInit       os_task.o
    0x08005ec0   0x000000b4   Code   RO         7587    i.OS_TaskInitTCB    os_task.o
    0x08005f74   0x00000100   Code   RO         7589    i.OS_TaskResume     os_task.o
    0x08006074   0x00000018   Code   RO         7590    i.OS_TaskReturn     os_task.o
    0x0800608c   0x000001c4   Code   RO         7591    i.OS_TaskSemPost    os_task.o
    0x08006250   0x00000118   Code   RO         7592    i.OS_TaskSuspend    os_task.o
    0x08006368   0x00000086   Code   RO         7729    i.OS_TickListInsert  os_tick.o
    0x080063ee   0x00000002   PAD
    0x080063f0   0x000000bc   Code   RO         7730    i.OS_TickListInsertDly  os_tick.o
    0x080064ac   0x00000058   Code   RO         7731    i.OS_TickListRemove  os_tick.o
    0x08006504   0x00000002   Code   RO         7732    i.OS_TickListResetPeak  os_tick.o
    0x08006506   0x00000002   PAD
    0x08006508   0x00000098   Code   RO         7733    i.OS_TickListUpdateDly  os_tick.o
    0x080065a0   0x000000d4   Code   RO         7734    i.OS_TickListUpdateTimeout  os_tick.o
    0x08006674   0x00000070   Code   RO         7735    i.OS_TickTask       os_tick.o
    0x080066e4   0x000000c8   Code   RO         7736    i.OS_TickTaskInit   os_tick.o
    0x080067ac   0x00000134   Code   RO         7832    i.OS_TmrInit        os_tmr.o
    0x080068e0   0x00000018   Code   RO         7833    i.OS_TmrLock        os_tmr.o
    0x080068f8   0x00000002   Code   RO         7834    i.OS_TmrResetPeak   os_tmr.o
    0x080068fa   0x00000002   PAD
    0x080068fc   0x00000094   Code   RO         7835    i.OS_TmrTask        os_tmr.o
    0x08006990   0x00000044   Code   RO         7836    i.OS_TmrUnlink      os_tmr.o
    0x080069d4   0x00000014   Code   RO         7837    i.OS_TmrUnlock      os_tmr.o
    0x080069e8   0x00000060   Code   RO          477    i.PIDStruct_Init    driver_pid.o
    0x08006a48   0x0000012c   Code   RO          478    i.PID_Calc          driver_pid.o
    0x08006b74   0x00000234   Code   RO          479    i.PID_Init          driver_pid.o
    0x08006da8   0x00000016   Code   RO          480    i.PID_Param_Init    driver_pid.o
    0x08006dbe   0x00000002   PAD
    0x08006dc0   0x00000010   Code   RO          481    i.PID_Reset_SumErr  driver_pid.o
    0x08006dd0   0x0000005c   Code   RO          524    i.PassZeroProcess   driver_can.o
    0x08006e2c   0x00000020   Code   RO         4026    i.RCC_AHB1PeriphClockCmd  stm32f4xx_rcc.o
    0x08006e4c   0x00000020   Code   RO         4035    i.RCC_APB1PeriphClockCmd  stm32f4xx_rcc.o
    0x08006e6c   0x00000020   Code   RO         4037    i.RCC_APB1PeriphResetCmd  stm32f4xx_rcc.o
    0x08006e8c   0x00000020   Code   RO         4038    i.RCC_APB2PeriphClockCmd  stm32f4xx_rcc.o
    0x08006eac   0x00000020   Code   RO         4040    i.RCC_APB2PeriphResetCmd  stm32f4xx_rcc.o
    0x08006ecc   0x000000e8   Code   RO         4047    i.RCC_GetClocksFreq  stm32f4xx_rcc.o
    0x08006fb4   0x00000074   Code   RO         1151    i.RMProcess         task_control.o
    0x08007028   0x00000148   Code   RO          885    i.RM_ChasisControl  driver_rmcontrol.o
    0x08007170   0x0000008c   Code   RO          886    i.RM_FricControl    driver_rmcontrol.o
    0x080071fc   0x000000ac   Code   RO          887    i.RM_PitchControl   driver_rmcontrol.o
    0x080072a8   0x0000000c   Code   RO          888    i.RM_SetLeftSwtichFlag  driver_rmcontrol.o
    0x080072b4   0x00000074   Code   RO          889    i.RM_YawControl     driver_rmcontrol.o
    0x08007328   0x00000014   Code   RO         1017    i.Rad2Degree        task_imu.o
    0x0800733c   0x00000040   Code   RO          579    i.Ramp_Calc         driver_ramp.o
    0x0800737c   0x00000014   Code   RO          580    i.Ramp_Init         driver_ramp.o
    0x08007390   0x00000058   Code   RO          581    i.Ramp_InitAllRamp  driver_ramp.o
    0x080073e8   0x00000014   Code   RO          582    i.Ramp_ReInit       driver_ramp.o
    0x080073fc   0x0000004c   Code   RO          740    i.RotateValue       driver_dotshoot.o
    0x08007448   0x00000002   Code   RO          293    i.SVC_Handler       stm32f4xx_it.o
    0x0800744a   0x00000002   PAD
    0x0800744c   0x00000040   Code   RO         5304    i.SYSCFG_EXTILineConfig  stm32f4xx_syscfg.o
    0x0800748c   0x00000024   Code   RO          708    i.SetFricMotor      driver_fricmotor.o
    0x080074b0   0x000000ec   Code   RO         1402    i.SetSysClock       system_stm32f4xx.o
    0x0800759c   0x00000024   Code   RO         1091    i.SysModule_Init    task_sysinit.o
    0x080075c0   0x00000010   Code   RO          294    i.SysTick_Handler   stm32f4xx_it.o
    0x080075d0   0x00000068   Code   RO         1404    i.SystemInit        system_stm32f4xx.o
    0x08007638   0x0000003a   Code   RO         5357    i.TI1_Config        stm32f4xx_tim.o
    0x08007672   0x00000050   Code   RO         5358    i.TI2_Config        stm32f4xx_tim.o
    0x080076c2   0x00000048   Code   RO         5359    i.TI3_Config        stm32f4xx_tim.o
    0x0800770a   0x00000050   Code   RO         5360    i.TI4_Config        stm32f4xx_tim.o
    0x0800775a   0x00000018   Code   RO         5361    i.TIM_ARRPreloadConfig  stm32f4xx_tim.o
    0x08007772   0x00000018   Code   RO         5373    i.TIM_Cmd           stm32f4xx_tim.o
    0x0800778a   0x00000002   PAD
    0x0800778c   0x00000190   Code   RO         5378    i.TIM_DeInit        stm32f4xx_tim.o
    0x0800791c   0x00000042   Code   RO         5382    i.TIM_EncoderInterfaceConfig  stm32f4xx_tim.o
    0x0800795e   0x0000006e   Code   RO         5396    i.TIM_ICInit        stm32f4xx_tim.o
    0x080079cc   0x00000012   Code   RO         5397    i.TIM_ICStructInit  stm32f4xx_tim.o
    0x080079de   0x00000002   PAD
    0x080079e0   0x0000007c   Code   RO         5402    i.TIM_OC1Init       stm32f4xx_tim.o
    0x08007a5c   0x00000012   Code   RO         5405    i.TIM_OC1PreloadConfig  stm32f4xx_tim.o
    0x08007a6e   0x00000002   PAD
    0x08007a70   0x000000a4   Code   RO         5407    i.TIM_OC2Init       stm32f4xx_tim.o
    0x08007b14   0x0000001a   Code   RO         5410    i.TIM_OC2PreloadConfig  stm32f4xx_tim.o
    0x08007b2e   0x00000004   Code   RO         5435    i.TIM_SetCompare1   stm32f4xx_tim.o
    0x08007b32   0x00000004   Code   RO         5436    i.TIM_SetCompare2   stm32f4xx_tim.o
    0x08007b36   0x00000004   Code   RO         5439    i.TIM_SetCounter    stm32f4xx_tim.o
    0x08007b3a   0x00000012   Code   RO         5440    i.TIM_SetIC1Prescaler  stm32f4xx_tim.o
    0x08007b4c   0x0000001a   Code   RO         5441    i.TIM_SetIC2Prescaler  stm32f4xx_tim.o
    0x08007b66   0x00000012   Code   RO         5442    i.TIM_SetIC3Prescaler  stm32f4xx_tim.o
    0x08007b78   0x0000001a   Code   RO         5443    i.TIM_SetIC4Prescaler  stm32f4xx_tim.o
    0x08007b92   0x00000002   PAD
    0x08007b94   0x00000084   Code   RO         5445    i.TIM_TimeBaseInit  stm32f4xx_tim.o
    0x08007c18   0x0000003c   Code   RO         1129    i.Task_CanTx        task_cantx.o
    0x08007c54   0x00000048   Code   RO         1153    i.Task_Control      task_control.o
    0x08007c9c   0x000000f4   Code   RO         1228    i.Task_DebugMsg     task_debugmsg.o
    0x08007d90   0x00000028   Code   RO         1018    i.Task_IMU          task_imu.o
    0x08007db8   0x00000238   Code   RO         1196    i.Task_Monitor      task_monitor.o
    0x08007ff0   0x00000200   Code   RO         1092    i.Task_SysInit      task_sysinit.o
    0x080081f0   0x00000090   Code   RO          295    i.USART1_IRQHandler  stm32f4xx_it.o
    0x08008280   0x00000050   Code   RO          296    i.USART3_IRQHandler  stm32f4xx_it.o
    0x080082d0   0x00000012   Code   RO         5919    i.USART_ClearFlag   stm32f4xx_usart.o
    0x080082e2   0x00000018   Code   RO         5923    i.USART_Cmd         stm32f4xx_usart.o
    0x080082fa   0x00000012   Code   RO         5924    i.USART_DMACmd      stm32f4xx_usart.o
    0x0800830c   0x0000004a   Code   RO         5929    i.USART_ITConfig    stm32f4xx_usart.o
    0x08008356   0x00000002   PAD
    0x08008358   0x000000d4   Code   RO         5930    i.USART_Init        stm32f4xx_usart.o
    0x0800842c   0x0000000a   Code   RO         5937    i.USART_ReceiveData  stm32f4xx_usart.o
    0x08008436   0x00000002   PAD
    0x08008438   0x000006b0   Code   RO         1019    i.UpdateQ           task_imu.o
    0x08008ae8   0x00000004   Code   RO          297    i.UsageFault_Handler  stm32f4xx_it.o
    0x08008aec   0x0000005c   Code   RO          527    i.ZGYRO_Reset       driver_can.o
    0x08008b48   0x00000030   Code   RO         8228    i.__ARM_fpclassify  m_wm.l(fpclassify.o)
    0x08008b78   0x00000360   Code   RO         8093    i.__hardfp_asin     m_wm.l(asin.o)
    0x08008ed8   0x000002d8   Code   RO         8194    i.__hardfp_atan     m_wm.l(atan.o)
    0x080091b0   0x000001f0   Code   RO         8107    i.__hardfp_atan2    m_wm.l(atan2.o)
    0x080093a0   0x0000007a   Code   RO         8155    i.__hardfp_sqrt     m_wm.l(sqrt.o)
    0x0800941a   0x000000f8   Code   RO         8246    i.__kernel_poly     m_wm.l(poly.o)
    0x08009512   0x00000014   Code   RO         8209    i.__mathlib_dbl_infnan  m_wm.l(dunder.o)
    0x08009526   0x00000014   Code   RO         8210    i.__mathlib_dbl_infnan2  m_wm.l(dunder.o)
    0x0800953a   0x00000006   PAD
    0x08009540   0x00000020   Code   RO         8211    i.__mathlib_dbl_invalid  m_wm.l(dunder.o)
    0x08009560   0x00000020   Code   RO         8214    i.__mathlib_dbl_underflow  m_wm.l(dunder.o)
    0x08009580   0x00000004   Code   RO          647    i._sys_exit         driver_usart.o
    0x08009584   0x00000010   Code   RO         8196    i.atan              m_wm.l(atan.o)
    0x08009594   0x00000018   Code   RO         8224    i.fabs              m_wm.l(fabs.o)
    0x080095ac   0x0000001c   Code   RO          648    i.fputc             driver_usart.o
    0x080095c8   0x0000006c   Code   RO         1022    i.invSqrt           task_imu.o
    0x08009634   0x0000005c   Code   RO            3    i.main              main.o
    0x08009690   0x0000006e   Code   RO         8157    i.sqrt              m_wm.l(sqrt.o)
    0x080096fe   0x00000002   PAD
    0x08009700   0x0000002c   Code   RO         8315    locale$$code        c_w.l(lc_numeric_c.o)
    0x0800972c   0x00000018   Code   RO         8063    x$fpl$basic         fz_wm.l(basic.o)
    0x08009744   0x00000062   Code   RO         8065    x$fpl$d2f           fz_wm.l(d2f.o)
    0x080097a6   0x00000002   PAD
    0x080097a8   0x00000150   Code   RO         8067    x$fpl$dadd          fz_wm.l(daddsub_clz.o)
    0x080098f8   0x000002b0   Code   RO         8074    x$fpl$ddiv          fz_wm.l(ddiv.o)
    0x08009ba8   0x0000005e   Code   RO         8077    x$fpl$dfix          fz_wm.l(dfix.o)
    0x08009c06   0x0000002e   Code   RO         8082    x$fpl$dflt          fz_wm.l(dflt_clz.o)
    0x08009c34   0x00000154   Code   RO         8087    x$fpl$dmul          fz_wm.l(dmul.o)
    0x08009d88   0x0000009c   Code   RO         8183    x$fpl$dnaninf       fz_wm.l(dnaninf.o)
    0x08009e24   0x0000000c   Code   RO         8185    x$fpl$dretinf       fz_wm.l(dretinf.o)
    0x08009e30   0x00000016   Code   RO         8068    x$fpl$drsb          fz_wm.l(daddsub_clz.o)
    0x08009e46   0x00000002   PAD
    0x08009e48   0x00000198   Code   RO         8187    x$fpl$dsqrt         fz_wm.l(dsqrt_umaal.o)
    0x08009fe0   0x000001d4   Code   RO         8069    x$fpl$dsub          fz_wm.l(daddsub_clz.o)
    0x0800a1b4   0x00000056   Code   RO         8089    x$fpl$f2d           fz_wm.l(f2d.o)
    0x0800a20a   0x0000008c   Code   RO         8189    x$fpl$fnaninf       fz_wm.l(fnaninf.o)
    0x0800a296   0x0000000a   Code   RO         8397    x$fpl$fpinit        fz_wm.l(fpinit.o)
    0x0800a2a0   0x0000000a   Code   RO         8191    x$fpl$fretinf       fz_wm.l(fretinf.o)
    0x0800a2aa   0x00000004   Code   RO         8091    x$fpl$printf1       fz_wm.l(printf1.o)
    0x0800a2ae   0x00000000   Code   RO         8193    x$fpl$usenofp       fz_wm.l(usenofp.o)
    0x0800a2ae   0x00000002   PAD
    0x0800a2b0   0x00000094   Data   RO         6876    .constdata          os_cfg_app.o
    0x0800a344   0x00000168   Data   RO         7114    .constdata          os_dbg.o
    0x0800a4ac   0x00000004   PAD
    0x0800a4b0   0x00000050   Data   RO         8096    .constdata          m_wm.l(asin.o)
    0x0800a500   0x00000098   Data   RO         8197    .constdata          m_wm.l(atan.o)
    0x0800a598   0x00000008   Data   RO         8248    .constdata          m_wm.l(qnan.o)
    0x0800a5a0   0x00000094   Data   RO         8286    .constdata          c_w.l(bigflt0.o)
    0x0800a634   0x00000020   Data   RO         8464    Region$$Table       anon$$obj.o
    0x0800a654   0x0000001c   Data   RO         8314    locale$$data        c_w.l(lc_numeric_c.o)


    Execution Region RW_IRAM1 (Base: 0x20000000, Size: 0x00003ee0, Max: 0x00020000, ABSOLUTE, COMPRESSED[0x00000018])

    Base Addr    Size         Type   Attr      Idx    E Section Name        Object

    0x20000000   0x00000001   Data   RW          298    .data               stm32f4xx_it.o
    0x20000001   0x00000003   PAD
    0x20000004   0x00000004   Data   RW          649    .data               driver_usart.o
    0x20000008   0x00000001   Data   RW          681    .data               driver_remoter.o
    0x20000009   0x00000003   PAD
    0x2000000c   0x0000000c   Data   RW          743    .data               driver_dotshoot.o
    0x20000018   0x0000000e   Data   RW          814    .data               driver_mpu6050.o
    0x20000026   0x00000001   Data   RW          890    .data               driver_rmcontrol.o
    0x20000027   0x00000001   PAD
    0x20000028   0x00000009   Data   RW          948    .data               driver_computervision.o
    0x20000031   0x00000003   PAD
    0x20000034   0x00000030   Data   RW         1025    .data               task_imu.o
    0x20000064   0x00000002   Data   RW         1154    .data               task_control.o
    0x20000066   0x0000000c   Data   RW         1198    .data               task_monitor.o
    0x20000072   0x00000010   Data   RW         4079    .data               stm32f4xx_rcc.o
    0x20000082   0x00000002   PAD
    0x20000084   0x00000004   Data   RW         6308    .data               cpu_core.o
    0x20000088   0x00000008   Data   RW         7360    .data               os_prio.o
    0x20000090   0x000000c4   Data   RW         7918    .data               os_var.o
    0x20000154   0x00000004   Data   RW         7947    .data               os_cpu_c.o
    0x20000158   0x000002b8   Zero   RW            4    .bss                main.o
    0x20000410   0x00000268   Zero   RW          482    .bss                driver_pid.o
    0x20000678   0x00000040   Zero   RW          528    .bss                driver_can.o
    0x200006b8   0x00000048   Zero   RW          583    .bss                driver_ramp.o
    0x20000700   0x00000028   Zero   RW          618    .bss                driver_dbus.o
    0x20000728   0x0000000c   Zero   RW          742    .bss                driver_dotshoot.o
    0x20000734   0x00000084   Zero   RW          813    .bss                driver_mpu6050.o
    0x200007b8   0x000001f8   Zero   RW          946    .bss                driver_computervision.o
    0x200009b0   0x00000012   Zero   RW         1024    .bss                task_imu.o
    0x200009c2   0x00000002   PAD
    0x200009c4   0x000017f0   Zero   RW         1093    .bss                task_sysinit.o
    0x200021b4   0x00000064   Zero   RW         1197    .bss                task_monitor.o
    0x20002218   0x00000010   Zero   RW         6306    .bss                cpu_core.o
    0x20002228   0x00001040   Zero   RW         6875    .bss                os_cfg_app.o
    0x20003268   0x00000618   Zero   RW         7917    .bss                os_var.o
    0x20003880   0x00000060   Zero   RW         8322    .bss                c_w.l(libspace.o)
    0x200038e0   0x00000200   Zero   RW         1394    HEAP                startup_stm32f40_41xxx.o
    0x20003ae0   0x00000400   Zero   RW         1393    STACK               startup_stm32f40_41xxx.o


==============================================================================

Image component sizes


      Code (inc. data)   RO Data    RW Data    ZI Data      Debug   Object Name

        78         14          0          0          0      11119   bsp.o
        32          0          0          0          0        555   bsp_all.o
       428         16          0          0          0        961   bsp_can.o
        76          0          0          0          0        658   bsp_exti.o
       124         12          0          0          0        637   bsp_iic.o
        12          0          0          0          0        554   bsp_nvic.o
       596         24          0          0          0       1593   bsp_tim.o
       464         24          0          0          0       1006   bsp_uart.o
        52          0          0          0          0        384   cpu_a.o
       100         18          0          4         16       5037   cpu_core.o
       676         92          0          0         64       5540   driver_can.o
       324         40          0          9        504       4655   driver_computervision.o
       408         32          0          0         40       3306   driver_dbus.o
       512         84          0         12         12       6059   driver_dotshoot.o
        36          6          0          0          0        591   driver_fricmotor.o
       846         30          0          0          0       7194   driver_iic.o
       898         38          0         14        132       6225   driver_mpu6050.o
       998        140          0          0        616       5087   driver_pid.o
       192         38          0          0         72       3749   driver_ramp.o
        80         14          0          1          0       1955   driver_remoter.o
       808         90          0          1          0       4714   driver_rmcontrol.o
        32          4          0          4          0       3034   driver_usart.o
       102          0          0          0          0       2048   lib_mem.o
        92         28          0          0        696     349580   main.o
       140         24          0          0          0       1651   misc.o
         2          0        148          0       4160      19491   os_cfg_app.o
      2578        362          0          0          0      21210   os_core.o
       172         32          0          0          0        448   os_cpu_a.o
       960         60          0          4          0       8649   os_cpu_c.o
       424        278        360          0          0       4929   os_dbg.o
        24         10          0          0          0       1010   os_flag.o
        24         10          0          0          0       1013   os_mem.o
       310         26          0          0          0       3597   os_msg.o
      1172         78          0          0          0       4972   os_mutex.o
       136         16          0          8          0       3282   os_prio.o
       680         52          0          0          0       3874   os_q.o
       152         18          0          0          0       1892   os_sem.o
      1484        190          0          0          0       4291   os_stat.o
      2958        168          0          0          0      13945   os_task.o
      1088         92          0          0          0       6922   os_tick.o
       304         36          0          0          0       2585   os_time.o
       570        142          0          0          0       4519   os_tmr.o
         0          0          0        196       1560      17968   os_var.o
        64         26        392          0       1536        888   startup_stm32f40_41xxx.o
      1348         18          0          0          0       6526   stm32f4xx_can.o
       530         40          0          0          0       5146   stm32f4xx_dma.o
       148          6          0          0          0       1028   stm32f4xx_exti.o
       258          0          0          0          0       4325   stm32f4xx_gpio.o
       650         80          0          1          0       8796   stm32f4xx_it.o
       392         48          0         16          0       6101   stm32f4xx_rcc.o
        64          4          0          0          0        692   stm32f4xx_syscfg.o
      1496        102          0          0          0      15661   stm32f4xx_tim.o
       356          8          0          0          0       4931   stm32f4xx_usart.o
       340         32          0          0          0       1669   system_stm32f4xx.o
        60         12          0          0          0       1055   task_cantx.o
       260         54          0          2          0       2196   task_control.o
       244         72          0          0          0        668   task_debugmsg.o
      2368        108          0         48         18       6347   task_imu.o
       660        310          0         12        100       2593   task_monitor.o
       548        158          0          0       6128       3078   task_sysinit.o

    ----------------------------------------------------------------------
     30976       3416        936        344      15656     624189   Object Totals
         0          0         32          0          0          0   (incl. Generated)
        46          0          4         12          2          0   (incl. Padding)

    ----------------------------------------------------------------------

      Code (inc. data)   RO Data    RW Data    ZI Data      Debug   Library Member Name

        90          0          0          0          0          0   __dczerorl2.o
         8          0          0          0          0         68   __main.o
       104          0          0          0          0         84   __printf.o
         0          0          0          0          0          0   __rtentry.o
        12          0          0          0          0          0   __rtentry2.o
         6          0          0          0          0          0   __rtentry4.o
        52          8          0          0          0          0   __scatter.o
        28          0          0          0          0          0   __scatter_zi.o
        48          6          0          0          0         96   _printf_char_common.o
        36          4          0          0          0         80   _printf_char_file.o
         6          0          0          0          0          0   _printf_d.o
       120         16          0          0          0         92   _printf_dec.o
         6          0          0          0          0          0   _printf_f.o
      1050          0          0          0          0        216   _printf_fp_dec.o
       128         16          0          0          0         84   _printf_fp_infnan.o
       178          0          0          0          0         88   _printf_intcommon.o
         0          0          0          0          0          0   _printf_percent.o
         4          0          0          0          0          0   _printf_percent_end.o
        22          0          0          0          0        100   _rserrno.o
       220          4        148          0          0         96   bigflt0.o
      1910        128          0          0          0        672   btod.o
        18          0          0          0          0         80   exit.o
         8          0          0          0          0         68   ferror.o
         6          0          0          0          0        152   heapauxi.o
        44         10         28          0          0         76   lc_numeric_c.o
         2          0          0          0          0          0   libinit.o
        22          0          0          0          0          0   libinit2.o
         2          0          0          0          0          0   libshutdown.o
         2          0          0          0          0          0   libshutdown2.o
         8          4          0          0         96         68   libspace.o
       138          0          0          0          0         80   lludiv10.o
        24          4          0          0          0         84   noretval__2printf.o
         8          4          0          0          0         68   rt_errno_addr_intlibspace.o
         8          4          0          0          0         68   rt_locale_intlibspace.o
         2          0          0          0          0          0   rtexit.o
        10          0          0          0          0          0   rtexit2.o
        24          0          0          0          0         68   strcat.o
       128          0          0          0          0         68   strcmpv7m.o
        74          0          0          0          0         80   sys_stackheap_outer.o
        24          0          0          0          0        164   basic.o
        98          4          0          0          0        140   d2f.o
       826         16          0          0          0        492   daddsub_clz.o
       688        140          0          0          0        256   ddiv.o
        94          4          0          0          0        140   dfix.o
        46          0          0          0          0        116   dflt_clz.o
       340         12          0          0          0        152   dmul.o
       156          4          0          0          0        140   dnaninf.o
        12          0          0          0          0        116   dretinf.o
       408         56          0          0          0        168   dsqrt_umaal.o
        86          4          0          0          0        132   f2d.o
       140          4          0          0          0        132   fnaninf.o
        10          0          0          0          0        116   fpinit.o
        10          0          0          0          0        116   fretinf.o
         4          0          0          0          0        116   printf1.o
         0          0          0          0          0          0   usenofp.o
       864         94         80          0          0        280   asin.o
       744        106        152          0          0        352   atan.o
       496         64          0          0          0        192   atan2.o
       104         16          0          0          0        496   dunder.o
        24          0          0          0          0        124   fabs.o
        48          0          0          0          0        124   fpclassify.o
       248          0          0          0          0        152   poly.o
         0          0          8          0          0          0   qnan.o
       232          0          0          0          0        296   sqrt.o

    ----------------------------------------------------------------------
     10280        732        416          0         96       7148   Library Totals
        22          0          0          0          0          0   (incl. Padding)

    ----------------------------------------------------------------------

      Code (inc. data)   RO Data    RW Data    ZI Data      Debug   Library Name

      4556        208        176          0         96       2636   c_w.l
      2942        244          0          0          0       2496   fz_wm.l
      2760        280        240          0          0       2016   m_wm.l

    ----------------------------------------------------------------------
     10280        732        416          0         96       7148   Library Totals

    ----------------------------------------------------------------------

==============================================================================


      Code (inc. data)   RO Data    RW Data    ZI Data      Debug   

     41256       4148       1352        344      15752     602433   Grand Totals
     41256       4148       1352         24      15752     602433   ELF Image Totals (compressed)
     41256       4148       1352         24          0          0   ROM Totals

==============================================================================

    Total RO  Size (Code + RO Data)                42608 (  41.61kB)
    Total RW  Size (RW Data + ZI Data)             16096 (  15.72kB)
    Total ROM Size (Code + RO Data + RW Data)      42632 (  41.63kB)

==============================================================================

